   Compiling sheltie-core v0.3.0 (/Users/shushu/code/productions/sheltie/crates/sheltie-core)
   Compiling sheltie-runtime v0.3.0 (/Users/shushu/code/productions/sheltie/crates/sheltie-runtime)
   Compiling sheltie-cli v0.3.0 (/Users/shushu/code/productions/sheltie/crates/sheltie-cli)
    Finished `test` profile [unoptimized + debuginfo] target(s) in 5.31s
     Running tests/release_governance.rs (/private/tmp/sheltie-first-baseline-20261006/target/debug/deps/release_governance-82c734f325ed4557)

running 39 tests
test build_workflow_fetches_history_and_runs_msrv_gate ... ok
test check_specs_authorized_rc_without_active_still_requires_changelog ... ok
test check_specs_accepts_rc_of_active_target ... ok
test check_specs_accepts_active_target_without_tag ... ok
test check_specs_accepts_authorized_rc_after_product_package_is_completed ... ok
test check_specs_accepts_authorized_rc_during_nonproduct_experiment ... ok
test check_specs_completed_checks_every_final_table ... ok
test check_specs_completed_accepts_final_pass_and_preserves_historical_failures ... ok
test check_specs_completed_rejects_validation_without_final_table ... ok
test check_specs_completed_rejects_empty_final_table_beside_nonempty_table ... ok
test check_specs_completed_rejects_empty_final_table ... ok
test check_specs_completed_rejects_fewer_than_six_columns_in_final_rows ... ok
test check_specs_completed_rejects_current_fail_even_with_historical_pass ... ok
test check_specs_completed_accepts_final_pass_without_active_change ... ok
test check_specs_completed_rejects_more_than_six_columns_in_final_rows ... ok
test check_specs_completed_rejects_extra_columns_in_final_separator ... ok
test check_specs_dev_version_requires_changelog_section ... ok
test check_specs_full_history_resolves_release_commits ... ok
test release_workflow_gates_announce_on_quality_job ... ok
test release_workflow_quality_failure_blocks_announce ... ok
test check_specs_missing_tag_without_shallow_reports_not_created ... ok
test check_specs_rejects_numeric_active_conflict_even_when_cargo_version_is_released ... ok
test check_specs_rejects_unknown_nonproduct_target_even_when_cargo_version_is_released ... ok
test check_specs_rejects_rc_outside_authority_during_nonproduct_experiment ... ok
test check_specs_rejects_version_outside_active_target ... ok
test check_specs_reference_rejects_missing_snapshot_history ... ok
test check_specs_requires_development_authority_in_first_screen ... ok
test check_specs_reference_rechecks_completed_snapshot_without_loose_records ... ok
test check_specs_reference_rejects_snapshot_missing_original_records ... ok
test check_specs_reference_rejects_snapshot_of_another_reference ... ok
test check_specs_reference_rejects_failed_qualification_in_snapshot ... ok
test check_specs_completed_requires_exact_final_table_header ... ok
test withdrawn_release_rejects_missing_fixed_commit_without_tag ... ok
test withdrawn_release_preserves_fixed_evidence_without_tag ... ok
test check_specs_shallow_clone_reports_missing_history ... ok
test withdrawn_release_rejects_moved_tag ... ok
test check_specs_completed_rejects_empty_fields_in_final_rows ... ok
test withdrawn_release_requires_explicit_authority_and_date ... ok
test check_specs_rejects_missing_duplicate_or_invalid_development_authority ... ok

test result: ok. 39 passed; 0 failed; 0 ignored; 0 measured; 0 filtered out; finished in 5.03s

