---
source: crates/sheltie-core/src/work/render.rs
expression: "render_status_card(fx.state(), &fx.graph)"
---
# Work 2026-09-24-001-t（t）

workbook: article-review@1.0.0   flow: default   status: active
current: draft#2
done: draft#1, review#1
pending: publish
visits: draft 2/3, review 1/3, publish 0/1

## 当前任务

attempt: draft#2.0
brief_path: /tmp/sheltie-test/works/2026-09-24-001-t/attempts/draft/occurrence-002/attempt-000/brief.md
inputs:
  review → /tmp/sheltie-test/works/2026-09-24-001-t/attempts/review/occurrence-001/attempt-000/outputs/review.md (sha256 fc11d6f28e59d3cc33c0b14ceb644bf0902ebd63d61218dffe9e7dac7c254542, 10 B)
  topic → /tmp/sheltie-test/works/2026-09-24-001-t/start-inputs/topic (sha256 2cf24dba5fb0a30e26e83b2ac5b9e29e1b161e5c1fa7425e73043362938b9824, 5 B)
draft_outputs:
  article → /tmp/sheltie-test/works/2026-09-24-001-t/attempts/draft/occurrence-002/attempt-000/outputs/article.md

## 最近一次尝试

draft#2.0 running

## 合法下一步

- sheltie attempt submit 2026-09-24-001-t --attempt draft#2.0 --summary "<一句话结论>"
- sheltie attempt fail 2026-09-24-001-t --attempt draft#2.0 --reason "<原因>"
- sheltie attempt replace 2026-09-24-001-t --attempt draft#2.0 --reason "<原因>"
- sheltie work cancel 2026-09-24-001-t
