---
source: crates/sheltie-core/src/work/render.rs
expression: "render_brief(fx.state(), &fx.graph, a, \"Confirm publication is approved.\")"
---
# Brief: Finalize

Work: 2026-09-24-001-t (t)
Node: publish#1, Attempt 0
From: review#1 (main edge)
Executor: human

## Inputs

| Name | Path | sha256 |
| --- | --- | --- |
| article | /tmp/sheltie-test/works/2026-09-24-001-t/attempts/draft/occurrence-001/attempt-000/outputs/article.md | fc11d6f28e59d3cc33c0b14ceb644bf0902ebd63d61218dffe9e7dac7c254542 |
| review | /tmp/sheltie-test/works/2026-09-24-001-t/attempts/review/occurrence-001/attempt-000/outputs/review.md | fc11d6f28e59d3cc33c0b14ceb644bf0902ebd63d61218dffe9e7dac7c254542 |

## Instructions

Confirm publication is approved.

## Output requirements

| Name | Write to | Required | Limit |
| --- | --- | --- | --- |
| final | /tmp/sheltie-test/works/2026-09-24-001-t/attempts/publish/occurrence-001/attempt-000/outputs/final.md | yes | 1 MiB |

After writing the output files, run in your terminal:

    sheltie attempt submit 2026-09-24-001-t --attempt publish#1.0 --summary "<one-sentence conclusion>"
