---
source: crates/sheltie-core/src/work/render.rs
expression: "render_brief(fx.state(), &fx.graph, a, \"用公司 API 做点事。\")"
---
# 任务书：唯一

Work: 2026-09-24-001-t（t）
节点: only#1，第 0 次尝试
来自: 入口
执行者: agent（standard）

## 输入

| 名称 | 路径 | sha256 |
| --- | --- | --- |

## 需要的宿主资源

| 类型 | 名称 | 版本 | 说明 |
| --- | --- | --- | --- |
| skill | company-api | - | 请确认你的宿主已装此 skill；未装请停下并告知用户 |

## 说明

用公司 API 做点事。

## 输出要求

| 名称 | 写到 | 必需 | 上限 |
| --- | --- | --- | --- |
| out | /tmp/sheltie-test/works/2026-09-24-001-t/attempts/only/1/0/out.md | 是 | 1 MiB |

完成后不要自己修改输入文件。回复协调者时用几句话说明结论，并列出你写了哪些输出文件。
