{
  "result": "PASS",
  "release_source_commit": "063029a9d9a41ef97ee8be48c12187312e599d1c",
  "public_release_id": 404343380,
  "artifact_sha256": {
    "dist-manifest.json": "96db972900ef4494a857d1f0f0fd920249c2f6f0570222edd3ebbe98bcc55281",
    "sha256.sum": "86eb6a0cf81faf282745211b70ad5ce24d6b6f6d4e55faae8e0d60c95c4ee480",
    "sheltie-cli-aarch64-apple-darwin.tar.xz": "1d4e79b4bbf0ac4d0e563bb0dc0cd3dad8579a84a2bc2a865b1f9a37f77cc900",
    "sheltie-cli-aarch64-apple-darwin.tar.xz.sha256": "b46f1e789b3dd40681e0343cdd6a794297b1338ce949b8e879729dc2eb3d82ca",
    "sheltie-cli-installer.sh": "5137bbf8619574f55498cb9a185a0f7b83b188b5a86d82df4c34f5ae183f3b05",
    "sheltie-skill.tar.gz": "6613c9655142d63d7abeecc47318098712a6e0de3846826ee56639c6eaa2eb89",
    "source.tar.gz": "81ce4c66a664d3c49da54893cc78f5872454b6f6f5c761b01466fdc3c8441afb",
    "source.tar.gz.sha256": "0de7abfe2ea80c505c62ac399c95fa2b1b6910eb0771cd2c4c97705d78aa857f"
  },
  "binary_sha256": "219b884870d6a1aa824b3481df8065dee49753206284e0e2996e75586bc3cf79",
  "architecture": "/private/tmp/sheltie-first-baseline-20261006/public-extracted/sheltie-cli-aarch64-apple-darwin/sheltie: Mach-O 64-bit executable arm64",
  "fresh_work_id": "2026-10-06-001-default",
  "update_from": "unpublished schema-4 source candidate 6d0f37a7c27c8cc265b0d799365e6a48dd66102c / 0.3.0-rc.1",
  "update_to": "public v0.3.0",
  "rollback_original_binary_sha256": "c32db80cdd2d68e7da15c6bc6625909e57122830dd5658d170ef9b8782653a06",
  "unchanged_update_store_sha256": "e34275b4e7f133d563dd66db4fe668ba12de7223ceb9f7067dbbf7c95824cbc8",
  "old_release_migration_tested": false,
  "host_configuration_modified": false
}
