{"boundary":"real-cli","checked":{"ok":true,"result":{"data":{"digest":"db5f4a7f7dd9e26e3fc387a603173ddbbe45dae8df7fbea8468f5144d1f5a549","flows":["default"],"id":"two-step","replayed":false,"requires":[],"version":"1.0.0"},"next":[],"ok":true,"request_id":"01a105d2-2421-712f-9803-77839fee6a9f"},"process":{"argv":["/private/tmp/sheltie-human-acceptance-20261004.xw8h_gyu/bin/sheltie","--json","workbook","add","/var/folders/41/jg31h24j12nbqh334m6yzkh40000gn/T/sheltie-editor-3Cs8um/workbook"],"pid":62053,"code":0,"signal":null,"reason":null,"exited":true,"closed":true,"stdout":"{\"data\":{\"digest\":\"db5f4a7f7dd9e26e3fc387a603173ddbbe45dae8df7fbea8468f5144d1f5a549\",\"flows\":[\"default\"],\"id\":\"two-step\",\"replayed\":false,\"requires\":[],\"version\":\"1.0.0\"},\"next\":[],\"ok\":true,\"request_id\":\"01a105d2-2421-712f-9803-77839fee6a9f\"}\n","stderr":""}}}
{"boundary":"real-cli","checked":{"ok":true,"result":{"data":{"digest":"6317734c9afd151ad6d0c00b784aca0556f1bf0a1704dbc7e1a7e236477d68d6","flows":["default"],"id":"code-change","replayed":false,"requires":[],"version":"1.0.0"},"next":[],"ok":true,"request_id":"01a105d2-24a8-7283-97e9-a3f7eabe3c19"},"process":{"argv":["/private/tmp/sheltie-human-acceptance-20261004.xw8h_gyu/bin/sheltie","--json","workbook","add","/var/folders/41/jg31h24j12nbqh334m6yzkh40000gn/T/sheltie-editor-PqvKg5/workbook"],"pid":62057,"code":0,"signal":null,"reason":null,"exited":true,"closed":true,"stdout":"{\"data\":{\"digest\":\"6317734c9afd151ad6d0c00b784aca0556f1bf0a1704dbc7e1a7e236477d68d6\",\"flows\":[\"default\"],\"id\":\"code-change\",\"replayed\":false,\"requires\":[],\"version\":\"1.0.0\"},\"next\":[],\"ok\":true,\"request_id\":\"01a105d2-24a8-7283-97e9-a3f7eabe3c19\"}\n","stderr":""}}}
{"boundary":"real-cli","checked":{"ok":true,"result":{"data":{"digest":"316b151ae338347a8edc306aba1b73e1b5f9825dc2dd3c6d69f5aa7917abbbbe","flows":["default"],"id":"spec-dev","replayed":false,"requires":[],"version":"0.2.2"},"next":[],"ok":true,"request_id":"01a105d2-256c-76d6-a07b-5ab7d6989d0b"},"process":{"argv":["/private/tmp/sheltie-human-acceptance-20261004.xw8h_gyu/bin/sheltie","--json","workbook","add","/var/folders/41/jg31h24j12nbqh334m6yzkh40000gn/T/sheltie-editor-BbGjfv/workbook"],"pid":62078,"code":0,"signal":null,"reason":null,"exited":true,"closed":true,"stdout":"{\"data\":{\"digest\":\"316b151ae338347a8edc306aba1b73e1b5f9825dc2dd3c6d69f5aa7917abbbbe\",\"flows\":[\"default\"],\"id\":\"spec-dev\",\"replayed\":false,\"requires\":[],\"version\":\"0.2.2\"},\"next\":[],\"ok\":true,\"request_id\":\"01a105d2-256c-76d6-a07b-5ab7d6989d0b\"}\n","stderr":""}}}
{"boundary":"real-cli-negative","rejected":{"ok":false,"error":"引擎拒绝 Workbook","process":{"argv":["/private/tmp/sheltie-human-acceptance-20261004.xw8h_gyu/bin/sheltie","--json","workbook","add","/var/folders/41/jg31h24j12nbqh334m6yzkh40000gn/T/sheltie-editor-FdG1QW/workbook"],"pid":62082,"code":1,"signal":null,"reason":null,"exited":true,"closed":true,"stdout":"{\"error\":{\"code\":\"FLOW_INVALID\",\"detail\":{\"path\":\"entry\",\"reason\":\"入口 absent 不是节点 id\",\"rule\":\"1\"},\"message\":\"Flow 不合规（规则 1，entry）：入口 absent 不是节点 id\"},\"next\":[],\"ok\":false}\n","stderr":""}},"denied":{"ok":false,"error":"引擎拒绝 Workbook","process":{"argv":["/private/tmp/sheltie-human-acceptance-20261004.xw8h_gyu/bin/sheltie","--json","workbook","add","/var/folders/41/jg31h24j12nbqh334m6yzkh40000gn/T/sheltie-editor-t8Wim4/workbook"],"pid":62084,"code":1,"signal":null,"reason":null,"exited":true,"closed":true,"stdout":"{\"error\":{\"code\":\"FLOW_INVALID\",\"detail\":{\"path\":\"toml\",\"reason\":\"TOML parse error at line 9, column 1\\n  |\\n9 | mystery = 7\\n  | ^^^^^^^\\nunknown field `mystery`, expected one of `id`, `title`, `executor`, `tier`, `instruction`, `inputs`, `outputs`, `requires`, `gate`, `max_visits`, `max_retries`\\n\",\"rule\":\"parse\"},\"message\":\"Flow 不合规（规则 parse，toml）：TOML parse error at line 9, column 1\\n  |\\n9 | mystery = 7\\n  | ^^^^^^^\\nunknown field `mystery`, expected one of `id`, `title`, `executor`, `tier`, `instruction`, `inputs`, `outputs`, `requires`, `gate`, `max_visits`, `max_retries`\\n\"},\"next\":[],\"ok\":false}\n","stderr":""}}}
✔ 真实 CLI 装入两步和现有 code-change/spec-dev，非法入口/未知字段拒绝 (788.494166ms)
{"boundary":"real-cli-advanced","checked":{"ok":true,"result":{"data":{"digest":"fa030a28264a7cc84c0a4ee6f53ad130d78848b9ad4e7e55c18a51bc14da5080","flows":["default"],"id":"code-change","replayed":false,"requires":["skill:sample"],"version":"1.0.0"},"next":[],"ok":true,"request_id":"01a105d2-272b-7499-905d-b0503b3a57ca"},"process":{"argv":["/private/tmp/sheltie-human-acceptance-20261004.xw8h_gyu/bin/sheltie","--json","workbook","add","/var/folders/41/jg31h24j12nbqh334m6yzkh40000gn/T/sheltie-editor-jcU0Gt/workbook"],"pid":62085,"code":0,"signal":null,"reason":null,"exited":true,"closed":true,"stdout":"{\"data\":{\"digest\":\"fa030a28264a7cc84c0a4ee6f53ad130d78848b9ad4e7e55c18a51bc14da5080\",\"flows\":[\"default\"],\"id\":\"code-change\",\"replayed\":false,\"requires\":[\"skill:sample\"],\"version\":\"1.0.0\"},\"next\":[],\"ok\":true,\"request_id\":\"01a105d2-272b-7499-905d-b0503b3a57ca\"}\n","stderr":""}}}
✔ 合法高级声明、门槛/额度/requires/结果/回环通过真实 CLI (96.154209ms)
{"boundary":"fake-child-timeout","checked":{"ok":false,"error":"CLI 超时","process":{"argv":["/var/folders/41/jg31h24j12nbqh334m6yzkh40000gn/T/editor-child-test-sNuBbN/fake","--json","workbook","add","/var/folders/41/jg31h24j12nbqh334m6yzkh40000gn/T/sheltie-editor-kBqjp6/workbook"],"pid":62087,"code":null,"signal":"SIGKILL","reason":"CLI 超时","exited":true,"closed":true,"stdout":"","stderr":""}},"root":"/var/folders/41/jg31h24j12nbqh334m6yzkh40000gn/T/sheltie-editor-kBqjp6"}
✔ CLI 失败和 TERM→KILL 超时观察退出/close 后清自有根；外部哨兵不改 (1174.002417ms)
✔ 各输出流超限/取消均终止直接 child (71.907792ms)
✔ 数量/总大小恰好上限接受，多一个拒绝 (2.7815ms)
✔ 路径逃逸、重复、ASCII/NFC/目录别名和前缀冲突均拒绝 (0.302583ms)
✔ 严格 base64 与逐项数组；解码前拒绝大小和同名 (0.456875ms)
✔ 浏览器文件清单超限时从不读取；真实读取后大小再次核对 (0.281167ms)
✔ 物化独占创建并核实际文件集合和原字节 (6.354ms)
✖ 真实 HTTP Host/Origin/token 拒绝矩阵，固定静态路由和样例 (6.104334ms)
✖ 真实 HTTP 逐项路径/base64/数量/16MiB 与24MiB流式限额；所有前检不物化 (2.255542ms)
✖ 真实 HTTP check/export 同字节 ZIP 解压后 add/show/verify；失败绝无成功 ZIP (0.713583ms)
✔ 改一个字段保留完整对象/其他 Flow/资源原字节；布局不写文件 (5.076625ms)
✔ 新增显式边不添加 input；编辑 input 不添加 edge；删除保留引用给 CLI 拒绝 (79.045042ms)
{"boundary":"real-cli-unknown","level":"manifest","checked":{"ok":false,"error":"引擎拒绝 Workbook","process":{"argv":["/private/tmp/sheltie-human-acceptance-20261004.xw8h_gyu/bin/sheltie","--json","workbook","add","/var/folders/41/jg31h24j12nbqh334m6yzkh40000gn/T/sheltie-editor-Qa85bU/workbook"],"pid":62055,"code":1,"signal":null,"reason":null,"exited":true,"closed":true,"stdout":"{\"error\":{\"code\":\"WORKBOOK_INVALID\",\"detail\":{\"path\":\"toml\",\"reason\":\"TOML parse error at line 8, column 2\\n  |\\n8 | [unknown_contract_field]\\n  |  ^^^^^^^^^^^^^^^^^^^^^^\\nunknown field `unknown_contract_field`, expected one of `schema`, `id`, `version`, `name`, `description`, `flows`, `requires`\\n\"},\"message\":\"workbook.toml 的 toml 不合规：TOML parse error at line 8, column 2\\n  |\\n8 | [unknown_contract_field]\\n  |  ^^^^^^^^^^^^^^^^^^^^^^\\nunknown field `unknown_contract_field`, expected one of `schema`, `id`, `version`, `name`, `description`, `flows`, `requires`\\n\"},\"next\":[],\"ok\":false}\n","stderr":""}}}
{"boundary":"real-cli-unknown","level":"flow","checked":{"ok":false,"error":"引擎拒绝 Workbook","process":{"argv":["/private/tmp/sheltie-human-acceptance-20261004.xw8h_gyu/bin/sheltie","--json","workbook","add","/var/folders/41/jg31h24j12nbqh334m6yzkh40000gn/T/sheltie-editor-OJzpLw/workbook"],"pid":62056,"code":1,"signal":null,"reason":null,"exited":true,"closed":true,"stdout":"{\"error\":{\"code\":\"FLOW_INVALID\",\"detail\":{\"path\":\"toml\",\"reason\":\"TOML parse error at line 107, column 2\\n    |\\n107 | [unknown_contract_field]\\n    |  ^^^^^^^^^^^^^^^^^^^^^^\\nunknown field `unknown_contract_field`, expected one of `schema`, `id`, `entry`, `nodes`, `edges`\\n\",\"rule\":\"parse\"},\"message\":\"Flow 不合规（规则 parse，toml）：TOML parse error at line 107, column 2\\n    |\\n107 | [unknown_contract_field]\\n    |  ^^^^^^^^^^^^^^^^^^^^^^\\nunknown field `unknown_contract_field`, expected one of `schema`, `id`, `entry`, `nodes`, `edges`\\n\"},\"next\":[],\"ok\":false}\n","stderr":""}}}
{"boundary":"real-cli-unknown","level":"node","checked":{"ok":false,"error":"引擎拒绝 Workbook","process":{"argv":["/private/tmp/sheltie-human-acceptance-20261004.xw8h_gyu/bin/sheltie","--json","workbook","add","/var/folders/41/jg31h24j12nbqh334m6yzkh40000gn/T/sheltie-editor-fjZi1S/workbook"],"pid":62068,"code":1,"signal":null,"reason":null,"exited":true,"closed":true,"stdout":"{\"error\":{\"code\":\"FLOW_INVALID\",\"detail\":{\"path\":\"toml\",\"reason\":\"TOML parse error at line 34, column 8\\n   |\\n34 | [nodes.unknown_contract_field]\\n   |        ^^^^^^^^^^^^^^^^^^^^^^\\nunknown field `unknown_contract_field`, expected one of `id`, `title`, `executor`, `tier`, `instruction`, `inputs`, `outputs`, `requires`, `gate`, `max_visits`, `max_retries`\\n\",\"rule\":\"parse\"},\"message\":\"Flow 不合规（规则 parse，toml）：TOML parse error at line 34, column 8\\n   |\\n34 | [nodes.unknown_contract_field]\\n   |        ^^^^^^^^^^^^^^^^^^^^^^\\nunknown field `unknown_contract_field`, expected one of `id`, `title`, `executor`, `tier`, `instruction`, `inputs`, `outputs`, `requires`, `gate`, `max_visits`, `max_retries`\\n\"},\"next\":[],\"ok\":false}\n","stderr":""}}}
{"boundary":"real-cli-unknown","level":"instruction","checked":{"ok":false,"error":"引擎拒绝 Workbook","process":{"argv":["/private/tmp/sheltie-human-acceptance-20261004.xw8h_gyu/bin/sheltie","--json","workbook","add","/var/folders/41/jg31h24j12nbqh334m6yzkh40000gn/T/sheltie-editor-Y0h246/workbook"],"pid":62071,"code":1,"signal":null,"reason":null,"exited":true,"closed":true,"stdout":"{\"error\":{\"code\":\"FLOW_INVALID\",\"detail\":{\"path\":\"toml\",\"reason\":\"TOML parse error at line 16, column 20\\n   |\\n16 | [nodes.instruction.unknown_contract_field]\\n   |                    ^^^^^^^^^^^^^^^^^^^^^^\\nunknown field `unknown_contract_field`, expected `file` or `text`\\n\",\"rule\":\"parse\"},\"message\":\"Flow 不合规（规则 parse，toml）：TOML parse error at line 16, column 20\\n   |\\n16 | [nodes.instruction.unknown_contract_field]\\n   |                    ^^^^^^^^^^^^^^^^^^^^^^\\nunknown field `unknown_contract_field`, expected `file` or `text`\\n\"},\"next\":[],\"ok\":false}\n","stderr":""}}}
{"boundary":"real-cli-unknown","level":"input","checked":{"ok":false,"error":"引擎拒绝 Workbook","process":{"argv":["/private/tmp/sheltie-human-acceptance-20261004.xw8h_gyu/bin/sheltie","--json","workbook","add","/var/folders/41/jg31h24j12nbqh334m6yzkh40000gn/T/sheltie-editor-WVICrV/workbook"],"pid":62079,"code":1,"signal":null,"reason":null,"exited":true,"closed":true,"stdout":"{\"error\":{\"code\":\"FLOW_INVALID\",\"detail\":{\"path\":\"toml\",\"reason\":\"TOML parse error at line 20, column 15\\n   |\\n20 | [nodes.inputs.unknown_contract_field]\\n   |               ^^^^^^^^^^^^^^^^^^^^^^\\nunknown field `unknown_contract_field`, expected one of `name`, `from`, `required`, `result`\\n\",\"rule\":\"parse\"},\"message\":\"Flow 不合规（规则 parse，toml）：TOML parse error at line 20, column 15\\n   |\\n20 | [nodes.inputs.unknown_contract_field]\\n   |               ^^^^^^^^^^^^^^^^^^^^^^\\nunknown field `unknown_contract_field`, expected one of `name`, `from`, `required`, `result`\\n\"},\"next\":[],\"ok\":false}\n","stderr":""}}}
{"boundary":"real-cli-unknown","level":"output","checked":{"ok":false,"error":"引擎拒绝 Workbook","process":{"argv":["/private/tmp/sheltie-human-acceptance-20261004.xw8h_gyu/bin/sheltie","--json","workbook","add","/var/folders/41/jg31h24j12nbqh334m6yzkh40000gn/T/sheltie-editor-1zZSOj/workbook"],"pid":62080,"code":1,"signal":null,"reason":null,"exited":true,"closed":true,"stdout":"{\"error\":{\"code\":\"FLOW_INVALID\",\"detail\":{\"path\":\"toml\",\"reason\":\"TOML parse error at line 34, column 16\\n   |\\n34 | [nodes.outputs.unknown_contract_field]\\n   |                ^^^^^^^^^^^^^^^^^^^^^^\\nunknown field `unknown_contract_field`, expected one of `name`, `path`, `required`, `max_bytes`, `result`\\n\",\"rule\":\"parse\"},\"message\":\"Flow 不合规（规则 parse，toml）：TOML parse error at line 34, column 16\\n   |\\n34 | [nodes.outputs.unknown_contract_field]\\n   |                ^^^^^^^^^^^^^^^^^^^^^^\\nunknown field `unknown_contract_field`, expected one of `name`, `path`, `required`, `max_bytes`, `result`\\n\"},\"next\":[],\"ok\":false}\n","stderr":""}}}
{"boundary":"real-cli-unknown","level":"edge","checked":{"ok":false,"error":"引擎拒绝 Workbook","process":{"argv":["/private/tmp/sheltie-human-acceptance-20261004.xw8h_gyu/bin/sheltie","--json","workbook","add","/var/folders/41/jg31h24j12nbqh334m6yzkh40000gn/T/sheltie-editor-8tN5ZO/workbook"],"pid":62081,"code":1,"signal":null,"reason":null,"exited":true,"closed":true,"stdout":"{\"error\":{\"code\":\"FLOW_INVALID\",\"detail\":{\"path\":\"toml\",\"reason\":\"TOML parse error at line 97, column 8\\n   |\\n97 | [edges.unknown_contract_field]\\n   |        ^^^^^^^^^^^^^^^^^^^^^^\\nunknown field `unknown_contract_field`, expected one of `from`, `to`, `kind`\\n\",\"rule\":\"parse\"},\"message\":\"Flow 不合规（规则 parse，toml）：TOML parse error at line 97, column 8\\n   |\\n97 | [edges.unknown_contract_field]\\n   |        ^^^^^^^^^^^^^^^^^^^^^^\\nunknown field `unknown_contract_field`, expected one of `from`, `to`, `kind`\\n\"},\"next\":[],\"ok\":false}\n","stderr":""}}}
{"boundary":"real-cli-unknown","level":"manifest-requires","checked":{"ok":false,"error":"引擎拒绝 Workbook","process":{"argv":["/private/tmp/sheltie-human-acceptance-20261004.xw8h_gyu/bin/sheltie","--json","workbook","add","/var/folders/41/jg31h24j12nbqh334m6yzkh40000gn/T/sheltie-editor-vZp2in/workbook"],"pid":62083,"code":1,"signal":null,"reason":null,"exited":true,"closed":true,"stdout":"{\"error\":{\"code\":\"WORKBOOK_INVALID\",\"detail\":{\"path\":\"toml\",\"reason\":\"TOML parse error at line 12, column 11\\n   |\\n12 | [requires.unknown_contract_field]\\n   |           ^^^^^^^^^^^^^^^^^^^^^^\\nunknown field `unknown_contract_field`, expected one of `kind`, `name`, `version`, `digest`, `source`\\n\"},\"message\":\"workbook.toml 的 toml 不合规：TOML parse error at line 12, column 11\\n   |\\n12 | [requires.unknown_contract_field]\\n   |           ^^^^^^^^^^^^^^^^^^^^^^\\nunknown field `unknown_contract_field`, expected one of `kind`, `name`, `version`, `digest`, `source`\\n\"},\"next\":[],\"ok\":false}\n","stderr":""}}}
✔ 所有 TOML 层级未知字段改标题后仍保留，真实 CLI 逐个拒绝 (688.171792ms)
✔ 不能解析或不能表示的 Flow 保留原字节并拒绝编辑；HTML说明是字面文本 (1.023584ms)
ℹ tests 16
ℹ suites 0
ℹ pass 13
ℹ fail 3
ℹ cancelled 0
ℹ skipped 0
ℹ todo 0
ℹ duration_ms 2184.547042

✖ failing tests:

test at test/http.test.mjs:29:1
✖ 真实 HTTP Host/Origin/token 拒绝矩阵，固定静态路由和样例 (6.104334ms)
  Error: listen EPERM: operation not permitted 127.0.0.1
      at Server.setupListenHandle [as _listen2] (node:net:2145:21)
      at listenInCluster (node:net:2224:12)
      at node:net:2448:7
      at process.processTicksAndRejections (node:internal/process/task_queues:90:21) {
    code: 'EPERM',
    errno: -1,
    syscall: 'listen',
    address: '127.0.0.1'
  }

test at test/http.test.mjs:44:1
✖ 真实 HTTP 逐项路径/base64/数量/16MiB 与24MiB流式限额；所有前检不物化 (2.255542ms)
  Error: listen EPERM: operation not permitted 127.0.0.1
      at Server.setupListenHandle [as _listen2] (node:net:2145:21)
      at listenInCluster (node:net:2224:12)
      at node:net:2448:7
      at process.processTicksAndRejections (node:internal/process/task_queues:90:21) {
    code: 'EPERM',
    errno: -1,
    syscall: 'listen',
    address: '127.0.0.1'
  }

test at test/http.test.mjs:54:1
✖ 真实 HTTP check/export 同字节 ZIP 解压后 add/show/verify；失败绝无成功 ZIP (0.713583ms)
  Error: listen EPERM: operation not permitted 127.0.0.1
      at Server.setupListenHandle [as _listen2] (node:net:2145:21)
      at listenInCluster (node:net:2224:12)
      at node:net:2448:7
      at process.processTicksAndRejections (node:internal/process/task_queues:90:21) {
    code: 'EPERM',
    errno: -1,
    syscall: 'listen',
    address: '127.0.0.1'
  }
