{
  "original_tree": "b4ae44db1db8273f59f0b1ecf51a717913a13a0c",
  "raw_original_file_sha256": {
    "specs/changes/active/C011-workbook-visual-editor/evidence/implementation/.gitattributes": "16a8e94d0665d54406f5b96996642bfcd13ad080a5e7df1bd9d0ebe1b6e665cd",
    "specs/changes/active/C011-workbook-visual-editor/evidence/implementation/20261004T072119-f4cc856e.json": "9e1b79ad5e95fed5ba9da821e65fcf8130bbf9c19006707cfa64b95807a58855",
    "specs/changes/active/C011-workbook-visual-editor/evidence/implementation/20261004T072119-f4cc856e.stderr": "23af5362bbe436ed7d34b4d9d77489ab5f76534eb7040651ec41557ed4cb2a0b",
    "specs/changes/active/C011-workbook-visual-editor/evidence/implementation/20261004T072119-f4cc856e.stdout": "e3b0c44298fc1c149afbf4c8996fb92427ae41e4649b934ca495991b7852b855",
    "specs/changes/active/C011-workbook-visual-editor/evidence/implementation/20261004T072351-3e76b792.json": "fca4c834d7ff8df88efbedec7d69c5103312ce70e201a0722f1f878c89411d55",
    "specs/changes/active/C011-workbook-visual-editor/evidence/implementation/20261004T072351-3e76b792.stderr": "e3b0c44298fc1c149afbf4c8996fb92427ae41e4649b934ca495991b7852b855",
    "specs/changes/active/C011-workbook-visual-editor/evidence/implementation/20261004T072351-3e76b792.stdout": "0084a2467ddcb7209a9d3143448e657c43875f2b05b5c0c5e89ed25ab6b9a3dd",
    "specs/changes/active/C011-workbook-visual-editor/evidence/implementation/20261004T072443-1ac05fb2.json": "430484f6b06e3d4829a589aa78b957bf81c13ced3a6d3cb92de54a2ba05326df",
    "specs/changes/active/C011-workbook-visual-editor/evidence/implementation/20261004T072443-1ac05fb2.stderr": "e3b0c44298fc1c149afbf4c8996fb92427ae41e4649b934ca495991b7852b855",
    "specs/changes/active/C011-workbook-visual-editor/evidence/implementation/20261004T072443-1ac05fb2.stdout": "da9f9b35f4f11c6d2d52b18302c189682b63421ba418168c0f881f5456f1f4a2",
    "specs/changes/active/C011-workbook-visual-editor/evidence/implementation/20261004T072502-185e14f2.json": "c513234f25e4e2a013b6e1413ce720140cbcaa0bae9b5ee69aa779a1bd89f1ac",
    "specs/changes/active/C011-workbook-visual-editor/evidence/implementation/20261004T072502-185e14f2.stderr": "e3b0c44298fc1c149afbf4c8996fb92427ae41e4649b934ca495991b7852b855",
    "specs/changes/active/C011-workbook-visual-editor/evidence/implementation/20261004T072502-185e14f2.stdout": "8c3bd69cbfc649153dbb2180d81d143cf7407960dc5a5c7f9b4bd4d17859f772",
    "specs/changes/active/C011-workbook-visual-editor/evidence/implementation/20261004T072531-b282d1c9.json": "1aa656b6037816df17f87faa4a41266318a7379fc7b539b688e43b4a542aeca7",
    "specs/changes/active/C011-workbook-visual-editor/evidence/implementation/20261004T072531-b282d1c9.stderr": "e3b0c44298fc1c149afbf4c8996fb92427ae41e4649b934ca495991b7852b855",
    "specs/changes/active/C011-workbook-visual-editor/evidence/implementation/20261004T072531-b282d1c9.stdout": "f82eb510e2f45537c8c35a835955970ffde233beedb3f7b44b1c2f1fcbc5ccc5",
    "specs/changes/active/C011-workbook-visual-editor/evidence/implementation/20261004T073019-d54855f4.json": "0a5dec5831da364afcfb47d47d927a536c0368b089dc394ce090753cbcafdf97",
    "specs/changes/active/C011-workbook-visual-editor/evidence/implementation/20261004T073019-d54855f4.stderr": "8011c57af735669c6ff81cc59242a2c3a65d826d4be19c99c6e07599bda7c068",
    "specs/changes/active/C011-workbook-visual-editor/evidence/implementation/20261004T073019-d54855f4.stdout": "bc08f7af8eecdbd1a68807fa81832a017a0d90eb5235b7ab9bba400ab5b0b0fb",
    "specs/changes/active/C011-workbook-visual-editor/evidence/implementation/20261004T073056-e69b13c8.json": "4d552bd5c2f15e9ac4dec60e6abae910ce1c196218109441b0a6e61ec293ba31",
    "specs/changes/active/C011-workbook-visual-editor/evidence/implementation/20261004T073056-e69b13c8.stderr": "8011c57af735669c6ff81cc59242a2c3a65d826d4be19c99c6e07599bda7c068",
    "specs/changes/active/C011-workbook-visual-editor/evidence/implementation/20261004T073056-e69b13c8.stdout": "7982543908a4d8bd69b07af82fe5b481af00fb98219cfda278638898dd4b8625",
    "specs/changes/active/C011-workbook-visual-editor/evidence/implementation/20261004T073257-4fe84e95.json": "02f16066f27d423210e6e9f90f7c013d88f17464eb4d7955fd6f0f2a0a3d2219",
    "specs/changes/active/C011-workbook-visual-editor/evidence/implementation/20261004T073257-4fe84e95.stderr": "8011c57af735669c6ff81cc59242a2c3a65d826d4be19c99c6e07599bda7c068",
    "specs/changes/active/C011-workbook-visual-editor/evidence/implementation/20261004T073257-4fe84e95.stdout": "3009a3e18c2a14064049fd9191f71e8d184908b4d683d85e835608a0cc01734a",
    "specs/changes/active/C011-workbook-visual-editor/evidence/implementation/20261004T073359-be00382a.json": "c48d2e06097885de8c73bb363b55cea982d6ed783c41fa85441c7de0925baa6d",
    "specs/changes/active/C011-workbook-visual-editor/evidence/implementation/20261004T073359-be00382a.stderr": "8011c57af735669c6ff81cc59242a2c3a65d826d4be19c99c6e07599bda7c068",
    "specs/changes/active/C011-workbook-visual-editor/evidence/implementation/20261004T073359-be00382a.stdout": "ddf137bb9281a4ad701216389d4d9cd3c54b9330a73ed3ec64d40fcd0ab726b2",
    "specs/changes/active/C011-workbook-visual-editor/evidence/implementation/20261004T073418-28430f52.json": "7818b3648702413c2742738a4a2ec4462d80ee0a1ea54bb674653a6e1876ecde",
    "specs/changes/active/C011-workbook-visual-editor/evidence/implementation/20261004T073418-28430f52.stderr": "e3b0c44298fc1c149afbf4c8996fb92427ae41e4649b934ca495991b7852b855",
    "specs/changes/active/C011-workbook-visual-editor/evidence/implementation/20261004T073418-28430f52.stdout": "e3b0c44298fc1c149afbf4c8996fb92427ae41e4649b934ca495991b7852b855",
    "specs/changes/active/C011-workbook-visual-editor/evidence/implementation/20261004T073418-aa1be5b8.json": "de52168c3160ed6e85b85ebe9d8145ec4da2b878eca830782534cc7e4d31ae00",
    "specs/changes/active/C011-workbook-visual-editor/evidence/implementation/20261004T073418-aa1be5b8.stderr": "e3b0c44298fc1c149afbf4c8996fb92427ae41e4649b934ca495991b7852b855",
    "specs/changes/active/C011-workbook-visual-editor/evidence/implementation/20261004T073418-aa1be5b8.stdout": "08da4e90969d97cf834baecc45b4cbaf0957cbf9a243661e82da83e06a4fec5e",
    "specs/changes/active/C011-workbook-visual-editor/evidence/implementation/20261004T073418-ef1d7265.json": "d6e6a514b1312205985a665d99122f8e19d4d1e6ebfdbf3b36884b778284ff87",
    "specs/changes/active/C011-workbook-visual-editor/evidence/implementation/20261004T073418-ef1d7265.stderr": "e3b0c44298fc1c149afbf4c8996fb92427ae41e4649b934ca495991b7852b855",
    "specs/changes/active/C011-workbook-visual-editor/evidence/implementation/20261004T073418-ef1d7265.stdout": "1127898c5db9d71d5232f04b3b67d71a500e18188f2ad8d92553e7c5c2f48972",
    "specs/changes/active/C011-workbook-visual-editor/evidence/implementation/20261004T073443-810cb36d.json": "cd66aae488f4e30a7a7aac168e8abe4fcf0e8dbffff28f8f29eab96f1c171d0d",
    "specs/changes/active/C011-workbook-visual-editor/evidence/implementation/20261004T073443-810cb36d.stderr": "e3b0c44298fc1c149afbf4c8996fb92427ae41e4649b934ca495991b7852b855",
    "specs/changes/active/C011-workbook-visual-editor/evidence/implementation/20261004T073443-810cb36d.stdout": "25b655f5b97092b82719dd67a97683f757e12e2aef763da1159171957faaf2b1",
    "specs/changes/active/C011-workbook-visual-editor/evidence/implementation/20261004T073530-fcee6bfa.json": "86c9df00771b6e19b59ac453ac53e9f7205dbf0d6aecb8a43ef8f023adf5a7ab",
    "specs/changes/active/C011-workbook-visual-editor/evidence/implementation/20261004T073530-fcee6bfa.stderr": "8011c57af735669c6ff81cc59242a2c3a65d826d4be19c99c6e07599bda7c068",
    "specs/changes/active/C011-workbook-visual-editor/evidence/implementation/20261004T073530-fcee6bfa.stdout": "dc0dc2bbde55be224d2344f4bfe20c6ef39955e9d5e4332ab570382533407f7e",
    "specs/changes/active/C011-workbook-visual-editor/evidence/implementation/20261004T073607-0e11605a.json": "06acad5a4a73fb1fe8c970eb5be2af9202276a523b0d6a53d1bb68e2b04c1dfd",
    "specs/changes/active/C011-workbook-visual-editor/evidence/implementation/20261004T073607-0e11605a.stderr": "e3b0c44298fc1c149afbf4c8996fb92427ae41e4649b934ca495991b7852b855",
    "specs/changes/active/C011-workbook-visual-editor/evidence/implementation/20261004T073607-0e11605a.stdout": "08da4e90969d97cf834baecc45b4cbaf0957cbf9a243661e82da83e06a4fec5e",
    "specs/changes/active/C011-workbook-visual-editor/evidence/implementation/20261004T073607-7386de3b.json": "7e20216252263d3601fea8a12be0c460c6bd8c517678aad870ae9ba3f2339f9b",
    "specs/changes/active/C011-workbook-visual-editor/evidence/implementation/20261004T073607-7386de3b.stderr": "e3b0c44298fc1c149afbf4c8996fb92427ae41e4649b934ca495991b7852b855",
    "specs/changes/active/C011-workbook-visual-editor/evidence/implementation/20261004T073607-7386de3b.stdout": "e3b0c44298fc1c149afbf4c8996fb92427ae41e4649b934ca495991b7852b855",
    "specs/changes/active/C011-workbook-visual-editor/evidence/implementation/20261004T073607-95d1066c.json": "4dd1d3735ad6ddb97455dec5600e5b308d6131949a5f779ac869864e115dda11",
    "specs/changes/active/C011-workbook-visual-editor/evidence/implementation/20261004T073607-95d1066c.stderr": "e3b0c44298fc1c149afbf4c8996fb92427ae41e4649b934ca495991b7852b855",
    "specs/changes/active/C011-workbook-visual-editor/evidence/implementation/20261004T073607-95d1066c.stdout": "1127898c5db9d71d5232f04b3b67d71a500e18188f2ad8d92553e7c5c2f48972",
    "specs/changes/active/C011-workbook-visual-editor/evidence/implementation/20261004T073626-0ac223ee.json": "b82db787db823d5a158a7308098e579b0ccb195d8948a50b93b9234b7d645470",
    "specs/changes/active/C011-workbook-visual-editor/evidence/implementation/20261004T073626-0ac223ee.stderr": "e3b0c44298fc1c149afbf4c8996fb92427ae41e4649b934ca495991b7852b855",
    "specs/changes/active/C011-workbook-visual-editor/evidence/implementation/20261004T073626-0ac223ee.stdout": "04a5229965d611674a65251e052d93658c6cb0a3e8b1fe0fb9f2a6fcaf97ce53",
    "specs/changes/active/C011-workbook-visual-editor/evidence/implementation/20261004T073626-afbe7bf3.json": "6cfa4eef95d86046ca7ea9fc2d095a65f6de14f66dd1ff1df649dc38df4deea3",
    "specs/changes/active/C011-workbook-visual-editor/evidence/implementation/20261004T073626-afbe7bf3.stderr": "e3b0c44298fc1c149afbf4c8996fb92427ae41e4649b934ca495991b7852b855",
    "specs/changes/active/C011-workbook-visual-editor/evidence/implementation/20261004T073626-afbe7bf3.stdout": "75ad455614e3497968148b9ac29673a2cc95d0fee512000721a60c64427db3a0",
    "specs/changes/active/C011-workbook-visual-editor/evidence/implementation/20261004T073702-221b8873.json": "eee72911765ebda112583860fef0ee650427ec2661f668686ef7c14bb481dd68",
    "specs/changes/active/C011-workbook-visual-editor/evidence/implementation/20261004T073702-221b8873.stderr": "e3b0c44298fc1c149afbf4c8996fb92427ae41e4649b934ca495991b7852b855",
    "specs/changes/active/C011-workbook-visual-editor/evidence/implementation/20261004T073702-221b8873.stdout": "e3b0c44298fc1c149afbf4c8996fb92427ae41e4649b934ca495991b7852b855",
    "specs/changes/active/C011-workbook-visual-editor/evidence/implementation/20261004T073703-1e1cf5d9.json": "502ddcf856494464b871d866002f4b7b006037e78809856e00ba244c3801ee07",
    "specs/changes/active/C011-workbook-visual-editor/evidence/implementation/20261004T073703-1e1cf5d9.stderr": "e3b0c44298fc1c149afbf4c8996fb92427ae41e4649b934ca495991b7852b855",
    "specs/changes/active/C011-workbook-visual-editor/evidence/implementation/20261004T073703-1e1cf5d9.stdout": "3b364d9d05bc8aedaa26a16c22f54f94c079bceb28ec3163ed313f27f9488d0b",
    "specs/changes/active/C011-workbook-visual-editor/evidence/implementation/20261004T073703-b0f8bdf6.json": "c8c343b46c4b5698a5f01830cd91fca4f7efb0146a6f965c77ed57402bc80984",
    "specs/changes/active/C011-workbook-visual-editor/evidence/implementation/20261004T073703-b0f8bdf6.stderr": "e3b0c44298fc1c149afbf4c8996fb92427ae41e4649b934ca495991b7852b855",
    "specs/changes/active/C011-workbook-visual-editor/evidence/implementation/20261004T073703-b0f8bdf6.stdout": "5013a48d86ea557a270422c646e90b57ba9988197f08b44a8dfd2f256bd95a13",
    "specs/changes/active/C011-workbook-visual-editor/evidence/implementation/20261004T073824-0b4b141e.json": "17e82af0c95bae8575c8e488a9f0fb20506ac2fd5f72bb9a1b4e014432273c50",
    "specs/changes/active/C011-workbook-visual-editor/evidence/implementation/20261004T073824-0b4b141e.stderr": "e3b0c44298fc1c149afbf4c8996fb92427ae41e4649b934ca495991b7852b855",
    "specs/changes/active/C011-workbook-visual-editor/evidence/implementation/20261004T073824-0b4b141e.stdout": "0e78d8b488eb19ed72c0db796f43eb2613d04d9fcbb9856662c11de257685d2e",
    "specs/changes/active/C011-workbook-visual-editor/evidence/implementation/20261004T073848-646e5543.json": "7b8b8e41b1b8fc9fefc296c1d03b2cf045b13f29483112a85935b8fdb85e0911",
    "specs/changes/active/C011-workbook-visual-editor/evidence/implementation/20261004T073848-646e5543.stderr": "8011c57af735669c6ff81cc59242a2c3a65d826d4be19c99c6e07599bda7c068",
    "specs/changes/active/C011-workbook-visual-editor/evidence/implementation/20261004T073848-646e5543.stdout": "f46f96db5dc460bfcb9c7c466108eb43ce78256d6993ef82de1f8b0a4f4f4271",
    "specs/changes/active/C011-workbook-visual-editor/evidence/implementation/20261004T073927-4b15964f.json": "d26bf317bfb1e295f563a47f95c9626cb9ad37a424bec3f196b6d757711f4ef0",
    "specs/changes/active/C011-workbook-visual-editor/evidence/implementation/20261004T073927-4b15964f.stderr": "e3b0c44298fc1c149afbf4c8996fb92427ae41e4649b934ca495991b7852b855",
    "specs/changes/active/C011-workbook-visual-editor/evidence/implementation/20261004T073927-4b15964f.stdout": "11c849eb37ff32fc1277ab33d4ff9101ebe43922d5ade746b5da543dac277cb4",
    "specs/changes/active/C011-workbook-visual-editor/evidence/implementation/20261004T074010-40c92606.json": "a2fddbd0dd0f56c5f19bd7897494d59ebcac3e2603c8348e9579bdf03bf262c0",
    "specs/changes/active/C011-workbook-visual-editor/evidence/implementation/20261004T074010-40c92606.stderr": "e3b0c44298fc1c149afbf4c8996fb92427ae41e4649b934ca495991b7852b855",
    "specs/changes/active/C011-workbook-visual-editor/evidence/implementation/20261004T074010-40c92606.stdout": "e3b0c44298fc1c149afbf4c8996fb92427ae41e4649b934ca495991b7852b855",
    "specs/changes/active/C011-workbook-visual-editor/evidence/implementation/20261004T074010-e43c72b5.json": "4f09c7ce25fcc3b4d2cceda6765ce2b817e9da5bad2d6b9495e817324d17e932",
    "specs/changes/active/C011-workbook-visual-editor/evidence/implementation/20261004T074010-e43c72b5.stderr": "e3b0c44298fc1c149afbf4c8996fb92427ae41e4649b934ca495991b7852b855",
    "specs/changes/active/C011-workbook-visual-editor/evidence/implementation/20261004T074010-e43c72b5.stdout": "08da4e90969d97cf834baecc45b4cbaf0957cbf9a243661e82da83e06a4fec5e",
    "specs/changes/active/C011-workbook-visual-editor/evidence/implementation/20261004T074010-f0296c99.json": "f634031260eda6249325f46869f232b7912b44f430d055a721e7731eb9792566",
    "specs/changes/active/C011-workbook-visual-editor/evidence/implementation/20261004T074010-f0296c99.stderr": "e3b0c44298fc1c149afbf4c8996fb92427ae41e4649b934ca495991b7852b855",
    "specs/changes/active/C011-workbook-visual-editor/evidence/implementation/20261004T074010-f0296c99.stdout": "1127898c5db9d71d5232f04b3b67d71a500e18188f2ad8d92553e7c5c2f48972",
    "specs/changes/active/C011-workbook-visual-editor/evidence/implementation/20261004T074015-28b52ba5.json": "8d7e0caadbf003383c0ca9521648bba5799dcde7fe098e47e8644cab0b677151",
    "specs/changes/active/C011-workbook-visual-editor/evidence/implementation/20261004T074015-28b52ba5.stderr": "8011c57af735669c6ff81cc59242a2c3a65d826d4be19c99c6e07599bda7c068",
    "specs/changes/active/C011-workbook-visual-editor/evidence/implementation/20261004T074015-28b52ba5.stdout": "83314b96f667e5e3ede0b694c82ea40b3142eaa5f20e73173e5ca9c71e9fb4ee",
    "specs/changes/active/C011-workbook-visual-editor/evidence/implementation/20261004T074046-5c47ba07.json": "42a675ba5aaeb43c8715df194d840c52005da9670dbd79b1b1164c9a1720ca28",
    "specs/changes/active/C011-workbook-visual-editor/evidence/implementation/20261004T074046-5c47ba07.stderr": "e3b0c44298fc1c149afbf4c8996fb92427ae41e4649b934ca495991b7852b855",
    "specs/changes/active/C011-workbook-visual-editor/evidence/implementation/20261004T074046-5c47ba07.stdout": "e3b0c44298fc1c149afbf4c8996fb92427ae41e4649b934ca495991b7852b855",
    "specs/changes/active/C011-workbook-visual-editor/evidence/implementation/20261004T074046-8da8370d.json": "0599ffbf7d663e5a78c98f98d8e4c04796c42db11c80468e9857741e979c549f",
    "specs/changes/active/C011-workbook-visual-editor/evidence/implementation/20261004T074046-8da8370d.stderr": "e3b0c44298fc1c149afbf4c8996fb92427ae41e4649b934ca495991b7852b855",
    "specs/changes/active/C011-workbook-visual-editor/evidence/implementation/20261004T074046-8da8370d.stdout": "e3b0c44298fc1c149afbf4c8996fb92427ae41e4649b934ca495991b7852b855",
    "specs/changes/active/C011-workbook-visual-editor/evidence/implementation/20261004T074047-749a9ff3.json": "ad7e24d2f652bd98611e3653be5f9a6831032bb8157296cde85e3972ec7d9319",
    "specs/changes/active/C011-workbook-visual-editor/evidence/implementation/20261004T074047-749a9ff3.stderr": "e3b0c44298fc1c149afbf4c8996fb92427ae41e4649b934ca495991b7852b855",
    "specs/changes/active/C011-workbook-visual-editor/evidence/implementation/20261004T074047-749a9ff3.stdout": "e3b0c44298fc1c149afbf4c8996fb92427ae41e4649b934ca495991b7852b855",
    "specs/changes/active/C011-workbook-visual-editor/evidence/implementation/20261004T074119-a93e1aca.json": "57b314e465ff959bdf908bfeb16746add62cd6f69a6916683ef3ff4c14a0f16a",
    "specs/changes/active/C011-workbook-visual-editor/evidence/implementation/20261004T074119-a93e1aca.stderr": "e3b0c44298fc1c149afbf4c8996fb92427ae41e4649b934ca495991b7852b855",
    "specs/changes/active/C011-workbook-visual-editor/evidence/implementation/20261004T074119-a93e1aca.stdout": "58f64ffbcec54aa0bffe669564e83ccca42a0855377b5c2f53b1a2bff5f02fb6",
    "tools/workbook-editor/.gitignore": "4d56952b0fb13bf8f9b6c13a6d4c34a075bac3af447636a1df4335d7576e2f97",
    "tools/workbook-editor/README.md": "fe09d6a34cc1636feadad18750993987f78d48c23e7780a353bf63f37595ac6b",
    "tools/workbook-editor/lib/engine.mjs": "69e06b91a6825cdd8fe6b365a650de2fe55b1303fa1a321b3277312daf5d4bb7",
    "tools/workbook-editor/lib/files.mjs": "9a78ef5e989d6a142753e6cc77f5b8b3ce12b3d4e014b7fbc725e5c26a1ac629",
    "tools/workbook-editor/package-lock.json": "973efa7bbea64c28242735b9198f27c3cffb8504353a135af9148973dc583553",
    "tools/workbook-editor/package.json": "3dab3d03d199a392024a9b23f18ef7ccdfdbbdd4cc27ada34e3ce07493a96e91",
    "tools/workbook-editor/public/app.mjs": "dd9b7dc4714fe8424d6d47d3fabc59475dd3605cd9eea0e962d5460e5aede7d0",
    "tools/workbook-editor/public/files.mjs": "0e4155fac85b3e3ce244a255d69fdc100580a033ba86ade3131c9add4de43563",
    "tools/workbook-editor/public/index.html": "c6bbbbc6e9219d50fb13b1ad54ebe131ce304d0a68760c6f7205b6b47465ae3d",
    "tools/workbook-editor/public/model.mjs": "1688abfdcc3c5bf612f2b4211ba78ca836fabf8283c7e1fb81fdbfffd98c2dc8",
    "tools/workbook-editor/public/style.css": "681aa04aaededcfa536b093ca0f59769d0cd935055900900d4c59bef4ee51828",
    "tools/workbook-editor/public/toml.mjs": "ac456cd3231478ed6e9a7db227cac026efb9b043454cd7a4fc6be870321c027c",
    "tools/workbook-editor/scripts/record.py": "1c1152f353a18861dd386136a39a0b6c7cd301b38f29d99cce93fd5d70e0c372",
    "tools/workbook-editor/scripts/smoke.mjs": "afd02de8544e09a75e1e5d0981c8d28dfd73d66aa8f21de03ff89e2fec5955b7",
    "tools/workbook-editor/server.mjs": "3669e67dc123d70c05b0f4a9925373f4b0248c85351f213e343602a67ef19e29",
    "tools/workbook-editor/test/engine.test.mjs": "ab6bbce8859a4748232e1977b6a1b899a206343bf5665b5fe4af89018535930b",
    "tools/workbook-editor/test/files.test.mjs": "85143fd5aa0068b684eb760bae92fab1d4eb59bdb817ede6a0a899477917c701",
    "tools/workbook-editor/test/http.test.mjs": "d7e7fc492a6ee2f7c14893ba75084bc21efe7a45e205411c92921404053c59d1",
    "tools/workbook-editor/test/model.test.mjs": "cdb86f14a0491f3b851c84adb996c7c6e649643975de965698137428401586f1"
  },
  "byte_drift_excluding_authorized_attribute": [],
  "runtime_closure_drift": [],
  "counts": {
    "tools": 19,
    "original_evidence": 99
  },
  "check_copy": "/private/tmp/sheltie-usability-20261004.qvx4gv7v/patch-check",
  "check_head": "5837de68c257f49c970d54254dfcc12bd7fe210d",
  "check_status": ""
}
