{
  "outside_scope_byte_drift": [],
  "outside_scope_staged": [],
  "changed_files": [
    "specs/changes/active/C011-workbook-visual-editor/evidence/implementation/20261004T072119-f4cc856e.json",
    "specs/changes/active/C011-workbook-visual-editor/evidence/implementation/20261004T072119-f4cc856e.stderr",
    "specs/changes/active/C011-workbook-visual-editor/evidence/implementation/20261004T072119-f4cc856e.stdout",
    "specs/changes/active/C011-workbook-visual-editor/evidence/implementation/20261004T072351-3e76b792.json",
    "specs/changes/active/C011-workbook-visual-editor/evidence/implementation/20261004T072351-3e76b792.stderr",
    "specs/changes/active/C011-workbook-visual-editor/evidence/implementation/20261004T072351-3e76b792.stdout",
    "specs/changes/active/C011-workbook-visual-editor/evidence/implementation/20261004T072443-1ac05fb2.json",
    "specs/changes/active/C011-workbook-visual-editor/evidence/implementation/20261004T072443-1ac05fb2.stderr",
    "specs/changes/active/C011-workbook-visual-editor/evidence/implementation/20261004T072443-1ac05fb2.stdout",
    "specs/changes/active/C011-workbook-visual-editor/evidence/implementation/20261004T072502-185e14f2.json",
    "specs/changes/active/C011-workbook-visual-editor/evidence/implementation/20261004T072502-185e14f2.stderr",
    "specs/changes/active/C011-workbook-visual-editor/evidence/implementation/20261004T072502-185e14f2.stdout",
    "specs/changes/active/C011-workbook-visual-editor/evidence/implementation/20261004T072531-b282d1c9.json",
    "specs/changes/active/C011-workbook-visual-editor/evidence/implementation/20261004T072531-b282d1c9.stderr",
    "specs/changes/active/C011-workbook-visual-editor/evidence/implementation/20261004T072531-b282d1c9.stdout",
    "specs/changes/active/C011-workbook-visual-editor/evidence/implementation/20261004T073019-d54855f4.json",
    "specs/changes/active/C011-workbook-visual-editor/evidence/implementation/20261004T073019-d54855f4.stderr",
    "specs/changes/active/C011-workbook-visual-editor/evidence/implementation/20261004T073019-d54855f4.stdout",
    "specs/changes/active/C011-workbook-visual-editor/evidence/implementation/20261004T073056-e69b13c8.json",
    "specs/changes/active/C011-workbook-visual-editor/evidence/implementation/20261004T073056-e69b13c8.stderr",
    "specs/changes/active/C011-workbook-visual-editor/evidence/implementation/20261004T073056-e69b13c8.stdout",
    "specs/changes/active/C011-workbook-visual-editor/evidence/implementation/20261004T073257-4fe84e95.json",
    "specs/changes/active/C011-workbook-visual-editor/evidence/implementation/20261004T073257-4fe84e95.stderr",
    "specs/changes/active/C011-workbook-visual-editor/evidence/implementation/20261004T073257-4fe84e95.stdout",
    "specs/changes/active/C011-workbook-visual-editor/evidence/implementation/20261004T073359-be00382a.json",
    "specs/changes/active/C011-workbook-visual-editor/evidence/implementation/20261004T073359-be00382a.stderr",
    "specs/changes/active/C011-workbook-visual-editor/evidence/implementation/20261004T073359-be00382a.stdout",
    "specs/changes/active/C011-workbook-visual-editor/evidence/implementation/20261004T073418-28430f52.json",
    "specs/changes/active/C011-workbook-visual-editor/evidence/implementation/20261004T073418-28430f52.stderr",
    "specs/changes/active/C011-workbook-visual-editor/evidence/implementation/20261004T073418-28430f52.stdout",
    "specs/changes/active/C011-workbook-visual-editor/evidence/implementation/20261004T073418-aa1be5b8.json",
    "specs/changes/active/C011-workbook-visual-editor/evidence/implementation/20261004T073418-aa1be5b8.stderr",
    "specs/changes/active/C011-workbook-visual-editor/evidence/implementation/20261004T073418-aa1be5b8.stdout",
    "specs/changes/active/C011-workbook-visual-editor/evidence/implementation/20261004T073418-ef1d7265.json",
    "specs/changes/active/C011-workbook-visual-editor/evidence/implementation/20261004T073418-ef1d7265.stderr",
    "specs/changes/active/C011-workbook-visual-editor/evidence/implementation/20261004T073418-ef1d7265.stdout",
    "specs/changes/active/C011-workbook-visual-editor/evidence/implementation/20261004T073443-810cb36d.json",
    "specs/changes/active/C011-workbook-visual-editor/evidence/implementation/20261004T073443-810cb36d.stderr",
    "specs/changes/active/C011-workbook-visual-editor/evidence/implementation/20261004T073443-810cb36d.stdout",
    "specs/changes/active/C011-workbook-visual-editor/evidence/implementation/20261004T073530-fcee6bfa.json",
    "specs/changes/active/C011-workbook-visual-editor/evidence/implementation/20261004T073530-fcee6bfa.stderr",
    "specs/changes/active/C011-workbook-visual-editor/evidence/implementation/20261004T073530-fcee6bfa.stdout",
    "specs/changes/active/C011-workbook-visual-editor/evidence/implementation/20261004T073607-0e11605a.json",
    "specs/changes/active/C011-workbook-visual-editor/evidence/implementation/20261004T073607-0e11605a.stderr",
    "specs/changes/active/C011-workbook-visual-editor/evidence/implementation/20261004T073607-0e11605a.stdout",
    "specs/changes/active/C011-workbook-visual-editor/evidence/implementation/20261004T073607-7386de3b.json",
    "specs/changes/active/C011-workbook-visual-editor/evidence/implementation/20261004T073607-7386de3b.stderr",
    "specs/changes/active/C011-workbook-visual-editor/evidence/implementation/20261004T073607-7386de3b.stdout",
    "specs/changes/active/C011-workbook-visual-editor/evidence/implementation/20261004T073607-95d1066c.json",
    "specs/changes/active/C011-workbook-visual-editor/evidence/implementation/20261004T073607-95d1066c.stderr",
    "specs/changes/active/C011-workbook-visual-editor/evidence/implementation/20261004T073607-95d1066c.stdout",
    "specs/changes/active/C011-workbook-visual-editor/evidence/implementation/20261004T073626-0ac223ee.json",
    "specs/changes/active/C011-workbook-visual-editor/evidence/implementation/20261004T073626-0ac223ee.stderr",
    "specs/changes/active/C011-workbook-visual-editor/evidence/implementation/20261004T073626-0ac223ee.stdout",
    "specs/changes/active/C011-workbook-visual-editor/evidence/implementation/20261004T073626-afbe7bf3.json",
    "specs/changes/active/C011-workbook-visual-editor/evidence/implementation/20261004T073626-afbe7bf3.stderr",
    "specs/changes/active/C011-workbook-visual-editor/evidence/implementation/20261004T073626-afbe7bf3.stdout",
    "tools/workbook-editor/.gitignore",
    "tools/workbook-editor/README.md",
    "tools/workbook-editor/lib/engine.mjs",
    "tools/workbook-editor/lib/files.mjs",
    "tools/workbook-editor/package-lock.json",
    "tools/workbook-editor/package.json",
    "tools/workbook-editor/public/app.mjs",
    "tools/workbook-editor/public/files.mjs",
    "tools/workbook-editor/public/index.html",
    "tools/workbook-editor/public/model.mjs",
    "tools/workbook-editor/public/style.css",
    "tools/workbook-editor/public/toml.mjs",
    "tools/workbook-editor/scripts/record.py",
    "tools/workbook-editor/scripts/smoke.mjs",
    "tools/workbook-editor/server.mjs",
    "tools/workbook-editor/test/engine.test.mjs",
    "tools/workbook-editor/test/files.test.mjs",
    "tools/workbook-editor/test/http.test.mjs",
    "tools/workbook-editor/test/model.test.mjs"
  ],
  "task_sha256": "738958b85f082c17594d9271a202de567d268d90f9f98e82153d0b81924f170b",
  "project_sha256": "ddad68d362d727081a868edbdd555aa89ad204caf0a3453db6c48eb4b983de1c"
}
