{"boundary":"real-cli","checked":{"ok":true,"result":{"data":{"digest":"db5f4a7f7dd9e26e3fc387a603173ddbbe45dae8df7fbea8468f5144d1f5a549","flows":["default"],"id":"two-step","replayed":false,"requires":[],"version":"1.0.0"},"next":[],"ok":true,"request_id":"01a105cd-bdab-72e0-81f9-6896a0651448"},"process":{"argv":["/private/tmp/sheltie-human-acceptance-20261004.xw8h_gyu/bin/sheltie","--json","workbook","add","/var/folders/41/jg31h24j12nbqh334m6yzkh40000gn/T/sheltie-editor-IMHBXv/workbook"],"pid":56602,"code":0,"signal":null,"reason":null,"exited":true,"closed":true,"stdout":"{\"data\":{\"digest\":\"db5f4a7f7dd9e26e3fc387a603173ddbbe45dae8df7fbea8468f5144d1f5a549\",\"flows\":[\"default\"],\"id\":\"two-step\",\"replayed\":false,\"requires\":[],\"version\":\"1.0.0\"},\"next\":[],\"ok\":true,\"request_id\":\"01a105cd-bdab-72e0-81f9-6896a0651448\"}\n","stderr":""}}}
{"boundary":"real-cli","checked":{"ok":true,"result":{"data":{"digest":"6317734c9afd151ad6d0c00b784aca0556f1bf0a1704dbc7e1a7e236477d68d6","flows":["default"],"id":"code-change","replayed":false,"requires":[],"version":"1.0.0"},"next":[],"ok":true,"request_id":"01a105cd-be02-72c4-9698-ff1bc74dcf0f"},"process":{"argv":["/private/tmp/sheltie-human-acceptance-20261004.xw8h_gyu/bin/sheltie","--json","workbook","add","/var/folders/41/jg31h24j12nbqh334m6yzkh40000gn/T/sheltie-editor-OtMZMs/workbook"],"pid":56603,"code":0,"signal":null,"reason":null,"exited":true,"closed":true,"stdout":"{\"data\":{\"digest\":\"6317734c9afd151ad6d0c00b784aca0556f1bf0a1704dbc7e1a7e236477d68d6\",\"flows\":[\"default\"],\"id\":\"code-change\",\"replayed\":false,\"requires\":[],\"version\":\"1.0.0\"},\"next\":[],\"ok\":true,\"request_id\":\"01a105cd-be02-72c4-9698-ff1bc74dcf0f\"}\n","stderr":""}}}
{"boundary":"real-cli","checked":{"ok":true,"result":{"data":{"digest":"316b151ae338347a8edc306aba1b73e1b5f9825dc2dd3c6d69f5aa7917abbbbe","flows":["default"],"id":"spec-dev","replayed":false,"requires":[],"version":"0.2.2"},"next":[],"ok":true,"request_id":"01a105cd-be63-7783-b463-94578cf6d8f7"},"process":{"argv":["/private/tmp/sheltie-human-acceptance-20261004.xw8h_gyu/bin/sheltie","--json","workbook","add","/var/folders/41/jg31h24j12nbqh334m6yzkh40000gn/T/sheltie-editor-jlQ4oP/workbook"],"pid":56604,"code":0,"signal":null,"reason":null,"exited":true,"closed":true,"stdout":"{\"data\":{\"digest\":\"316b151ae338347a8edc306aba1b73e1b5f9825dc2dd3c6d69f5aa7917abbbbe\",\"flows\":[\"default\"],\"id\":\"spec-dev\",\"replayed\":false,\"requires\":[],\"version\":\"0.2.2\"},\"next\":[],\"ok\":true,\"request_id\":\"01a105cd-be63-7783-b463-94578cf6d8f7\"}\n","stderr":""}}}
{"boundary":"real-cli-negative","rejected":{"ok":false,"error":"引擎拒绝 Workbook","process":{"argv":["/private/tmp/sheltie-human-acceptance-20261004.xw8h_gyu/bin/sheltie","--json","workbook","add","/var/folders/41/jg31h24j12nbqh334m6yzkh40000gn/T/sheltie-editor-OqumBA/workbook"],"pid":56605,"code":1,"signal":null,"reason":null,"exited":true,"closed":true,"stdout":"{\"error\":{\"code\":\"FLOW_INVALID\",\"detail\":{\"path\":\"entry\",\"reason\":\"入口 absent 不是节点 id\",\"rule\":\"1\"},\"message\":\"Flow 不合规（规则 1，entry）：入口 absent 不是节点 id\"},\"next\":[],\"ok\":false}\n","stderr":""}},"denied":{"ok":false,"error":"引擎拒绝 Workbook","process":{"argv":["/private/tmp/sheltie-human-acceptance-20261004.xw8h_gyu/bin/sheltie","--json","workbook","add","/var/folders/41/jg31h24j12nbqh334m6yzkh40000gn/T/sheltie-editor-1m4CeQ/workbook"],"pid":56606,"code":1,"signal":null,"reason":null,"exited":true,"closed":true,"stdout":"{\"error\":{\"code\":\"FLOW_INVALID\",\"detail\":{\"path\":\"toml\",\"reason\":\"TOML parse error at line 9, column 1\\n  |\\n9 | mystery = 7\\n  | ^^^^^^^\\nunknown field `mystery`, expected one of `id`, `title`, `executor`, `tier`, `instruction`, `inputs`, `outputs`, `requires`, `gate`, `max_visits`, `max_retries`\\n\",\"rule\":\"parse\"},\"message\":\"Flow 不合规（规则 parse，toml）：TOML parse error at line 9, column 1\\n  |\\n9 | mystery = 7\\n  | ^^^^^^^\\nunknown field `mystery`, expected one of `id`, `title`, `executor`, `tier`, `instruction`, `inputs`, `outputs`, `requires`, `gate`, `max_visits`, `max_retries`\\n\"},\"next\":[],\"ok\":false}\n","stderr":""}}}
✔ 真实 CLI 装入两步和现有 code-change/spec-dev，非法入口/未知字段拒绝 (511.527042ms)
{"boundary":"real-cli-advanced","checked":{"ok":true,"result":{"data":{"digest":"fa030a28264a7cc84c0a4ee6f53ad130d78848b9ad4e7e55c18a51bc14da5080","flows":["default"],"id":"code-change","replayed":false,"requires":["skill:sample"],"version":"1.0.0"},"next":[],"ok":true,"request_id":"01a105cd-bfa0-7305-a08c-205da83f25c6"},"process":{"argv":["/private/tmp/sheltie-human-acceptance-20261004.xw8h_gyu/bin/sheltie","--json","workbook","add","/var/folders/41/jg31h24j12nbqh334m6yzkh40000gn/T/sheltie-editor-ziY11s/workbook"],"pid":56607,"code":0,"signal":null,"reason":null,"exited":true,"closed":true,"stdout":"{\"data\":{\"digest\":\"fa030a28264a7cc84c0a4ee6f53ad130d78848b9ad4e7e55c18a51bc14da5080\",\"flows\":[\"default\"],\"id\":\"code-change\",\"replayed\":false,\"requires\":[\"skill:sample\"],\"version\":\"1.0.0\"},\"next\":[],\"ok\":true,\"request_id\":\"01a105cd-bfa0-7305-a08c-205da83f25c6\"}\n","stderr":""}}}
✔ 合法高级声明、门槛/额度/requires/结果/回环通过真实 CLI (85.3645ms)
{"boundary":"fake-child-timeout","checked":{"ok":false,"error":"CLI 超时","process":{"argv":["/var/folders/41/jg31h24j12nbqh334m6yzkh40000gn/T/editor-child-test-PjUarN/fake","--json","workbook","add","/var/folders/41/jg31h24j12nbqh334m6yzkh40000gn/T/sheltie-editor-lspvp5/workbook"],"pid":56609,"code":null,"signal":"SIGKILL","reason":"CLI 超时","exited":true,"closed":true,"stdout":"","stderr":""}},"root":"/var/folders/41/jg31h24j12nbqh334m6yzkh40000gn/T/sheltie-editor-lspvp5"}
✔ CLI 失败和 TERM→KILL 超时观察退出/close 后清自有根；外部哨兵不改 (1173.392833ms)
✔ 各输出流超限/取消均终止直接 child (58.22525ms)
✔ 数量/总大小恰好上限接受，多一个拒绝 (2.414666ms)
✔ 路径逃逸、重复、ASCII/NFC/目录别名和前缀冲突均拒绝 (0.332792ms)
✔ 严格 base64 与逐项数组；解码前拒绝大小和同名 (0.501875ms)
✔ 浏览器文件清单超限时从不读取；真实读取后大小再次核对 (0.244333ms)
✔ 物化独占创建并核实际文件集合和原字节 (6.2005ms)
ℹ tests 9
ℹ suites 0
ℹ pass 9
ℹ fail 0
ℹ cancelled 0
ℹ skipped 0
ℹ todo 0
ℹ duration_ms 1877.948625
