{"boundary":"real-cli-disconnected-error","result":{"ok":false,"error":"引擎拒绝 Workbook","process":{"argv":["/private/tmp/sheltie-human-acceptance-20261004.xw8h_gyu/bin/sheltie","--json","workbook","add","/var/folders/41/jg31h24j12nbqh334m6yzkh40000gn/T/sheltie-editor-VMyB0p/workbook"],"pid":15668,"code":1,"signal":null,"reason":null,"exited":true,"closed":true,"stdout":"{\"error\":{\"code\":\"FLOW_INVALID\",\"detail\":{\"path\":\"nodes[1].id\",\"reason\":\"从入口 step-1 到不了 step-2\",\"rule\":\"3\"},\"message\":\"Flow 不合规（规则 3，nodes[1].id）：从入口 step-1 到不了 step-2\"},\"next\":[],\"ok\":false}\n","stderr":""}}}
✖ 真实不连通CLI的结构错误可直接用于用户定位，保留原始技术流 (51.780541ms)
ℹ tests 1
ℹ suites 0
ℹ pass 0
ℹ fail 1
ℹ cancelled 0
ℹ skipped 0
ℹ todo 0
ℹ duration_ms 101.142625

✖ failing tests:

test at test/presentation.test.mjs:7:1
✖ 真实不连通CLI的结构错误可直接用于用户定位，保留原始技术流 (51.780541ms)
  AssertionError [ERR_ASSERTION]: Expected values to be strictly deep-equal:
  + actual - expected
  
  + undefined
  - {
  -   code: 'FLOW_INVALID',
  -   detail: {
  -     path: 'nodes[1].id',
  -     reason: '从入口 step-1 到不了 step-2',
  -     rule: '3'
  -   },
  -   message: 'Flow 不合规（规则 3，nodes[1].id）：从入口 step-1 到不了 step-2'
  - }
  
      at TestContext.<anonymous> (file:///private/tmp/sheltie-usability-20261004.qvx4gv7v/workbook-editor/tools/workbook-editor/test/presentation.test.mjs:12:10)
      at async Test.run (node:internal/test_runner/test:1389:7)
      at async startSubtestAfterBootstrap (node:internal/test_runner/harness:387:3) {
    generatedMessage: true,
    code: 'ERR_ASSERTION',
    actual: undefined,
    expected: { code: 'FLOW_INVALID', detail: { path: 'nodes[1].id', reason: '从入口 step-1 到不了 step-2', rule: '3' }, message: 'Flow 不合规（规则 3，nodes[1].id）：从入口 step-1 到不了 step-2' },
    operator: 'deepStrictEqual',
    diff: 'simple'
  }
