✖ 真实 CLI 装入两步和现有 code-change/spec-dev，非法入口/未知字段拒绝 (99.668584ms)
✖ 合法高级声明、门槛/额度/requires/结果/回环通过真实 CLI (86.9925ms)
{"boundary":"fake-child-timeout","checked":{"ok":false,"error":"CLI 超时","process":{"argv":["/var/folders/41/jg31h24j12nbqh334m6yzkh40000gn/T/editor-child-test-prvF2W/fake","--json","workbook","add","/var/folders/41/jg31h24j12nbqh334m6yzkh40000gn/T/sheltie-editor-ZVmBnS/workbook"],"pid":55663,"code":null,"signal":"SIGTERM","reason":"CLI 超时","exited":true,"closed":true,"stdout":"","stderr":""}},"root":"/var/folders/41/jg31h24j12nbqh334m6yzkh40000gn/T/sheltie-editor-ZVmBnS"}
✖ CLI 失败和 TERM→KILL 超时观察退出/close 后清自有根；外部哨兵不改 (156.407583ms)
✔ 各输出流超限/取消均终止直接 child (64.60675ms)
✔ 数量/总大小恰好上限接受，多一个拒绝 (3.232792ms)
✔ 路径逃逸、重复、ASCII/NFC/目录别名和前缀冲突均拒绝 (0.373125ms)
✔ 严格 base64 与逐项数组；解码前拒绝大小和同名 (0.669709ms)
✔ 浏览器文件清单超限时从不读取；真实读取后大小再次核对 (0.246125ms)
✔ 物化独占创建并核实际文件集合和原字节 (7.090375ms)
ℹ tests 9
ℹ suites 0
ℹ pass 6
ℹ fail 3
ℹ cancelled 0
ℹ skipped 0
ℹ todo 0
ℹ duration_ms 459.59375

✖ failing tests:

test at test/engine.test.mjs:17:1
✖ 真实 CLI 装入两步和现有 code-change/spec-dev，非法入口/未知字段拒绝 (99.668584ms)
  [Error: EACCES: permission denied, rmdir '/var/folders/41/jg31h24j12nbqh334m6yzkh40000gn/T/sheltie-editor-E9PNwT/home/workbooks/two-step/1.0.0/flows'] { errno: -13, code: 'EACCES', syscall: 'rmdir', path: '/var/folders/41/jg31h24j12nbqh334m6yzkh40000gn/T/sheltie-editor-E9PNwT/home/workbooks/two-step/1.0.0/flows' }

test at test/engine.test.mjs:29:1
✖ 合法高级声明、门槛/额度/requires/结果/回环通过真实 CLI (86.9925ms)
  [Error: EACCES: permission denied, rmdir '/var/folders/41/jg31h24j12nbqh334m6yzkh40000gn/T/sheltie-editor-nzlwIC/home/workbooks/code-change/1.0.0/instructions'] { errno: -13, code: 'EACCES', syscall: 'rmdir', path: '/var/folders/41/jg31h24j12nbqh334m6yzkh40000gn/T/sheltie-editor-nzlwIC/home/workbooks/code-change/1.0.0/instructions' }

test at test/engine.test.mjs:38:1
✖ CLI 失败和 TERM→KILL 超时观察退出/close 后清自有根；外部哨兵不改 (156.407583ms)
  AssertionError [ERR_ASSERTION]: Expected values to be strictly equal:
  + actual - expected
  
  + 'SIGTERM'
  - 'SIGKILL'
        ^
  
      at TestContext.<anonymous> (file:///private/tmp/sheltie-usability-20261004.qvx4gv7v/workbook-editor/tools/workbook-editor/test/engine.test.mjs:46:168)
      at async Test.run (node:internal/test_runner/test:1389:7)
      at async Test.processPendingSubtests (node:internal/test_runner/test:960:7) {
    generatedMessage: true,
    code: 'ERR_ASSERTION',
    actual: 'SIGTERM',
    expected: 'SIGKILL',
    operator: 'strictEqual',
    diff: 'simple'
  }
