{
  "ok": false,
  "error": "引擎拒绝 Workbook",
  "process": {
    "argv": [
      "/private/tmp/sheltie-human-acceptance-20261004.xw8h_gyu/bin/sheltie",
      "--json",
      "workbook",
      "add",
      "/var/folders/41/jg31h24j12nbqh334m6yzkh40000gn/T/sheltie-editor-tqPekE/workbook"
    ],
    "pid": 99378,
    "code": 1,
    "signal": null,
    "reason": null,
    "exited": true,
    "closed": true,
    "stdout": "{\"error\":{\"code\":\"FLOW_INVALID\",\"detail\":{\"path\":\"nodes[1].id\",\"reason\":\"从入口 step-1 到不了 step-2\",\"rule\":\"3\"},\"message\":\"Flow 不合规（规则 3，nodes[1].id）：从入口 step-1 到不了 step-2\"},\"next\":[],\"ok\":false}\n",
    "stderr": ""
  }
}
