<?xml version="1.0" encoding="UTF-8"?>
<!DOCTYPE plist PUBLIC "-//Apple//DTD PLIST 1.0//EN" "http://www.apple.com/DTDs/PropertyList-1.0.dtd">
<plist version="1.0">
<dict>
	<key>system-entities</key>
	<array>
		<dict>
			<key>content-hint</key>
			<string>GUID_partition_scheme</string>
			<key>dev-entry</key>
			<string>disk6</string>
			<key>size</key>
			<integer>268435456</integer>
		</dict>
		<dict>
			<key>content-hint</key>
			<string>Apple_APFS</string>
			<key>dev-entry</key>
			<string>disk6s1</string>
			<key>size</key>
			<integer>268394496</integer>
		</dict>
		<dict>
			<key>content-hint</key>
			<string>Apple_APFS_Container</string>
			<key>dev-entry</key>
			<string>disk7</string>
			<key>size</key>
			<integer>268394496</integer>
		</dict>
		<dict>
			<key>content-hint</key>
			<string>Apple_APFS_Volume</string>
			<key>dev-entry</key>
			<string>disk7s1</string>
			<key>filesystem-name</key>
			<string>APFS</string>
			<key>filesystem-type</key>
			<string>apfs</string>
			<key>mount-point</key>
			<string>/private/tmp/sheltie-completion-20261003/c006-real-copy-validation/cross-device-mount</string>
			<key>size</key>
			<integer>268394496</integer>
			<key>volume-name</key>
			<string>SheltieC006</string>
		</dict>
	</array>
</dict>
</plist>
