{"boundary":"real-cli","checked":{"ok":true,"result":{"data":{"digest":"db5f4a7f7dd9e26e3fc387a603173ddbbe45dae8df7fbea8468f5144d1f5a549","flows":["default"],"id":"two-step","replayed":false,"requires":[],"version":"1.0.0"},"next":[],"ok":true,"request_id":"01a105d4-8d0f-725b-b288-6765a5c04cc2"},"process":{"argv":["/private/tmp/sheltie-human-acceptance-20261004.xw8h_gyu/bin/sheltie","--json","workbook","add","/var/folders/41/jg31h24j12nbqh334m6yzkh40000gn/T/sheltie-editor-HaDPY1/workbook"],"pid":65587,"code":0,"signal":null,"reason":null,"exited":true,"closed":true,"stdout":"{\"data\":{\"digest\":\"db5f4a7f7dd9e26e3fc387a603173ddbbe45dae8df7fbea8468f5144d1f5a549\",\"flows\":[\"default\"],\"id\":\"two-step\",\"replayed\":false,\"requires\":[],\"version\":\"1.0.0\"},\"next\":[],\"ok\":true,\"request_id\":\"01a105d4-8d0f-725b-b288-6765a5c04cc2\"}\n","stderr":""}}}
{"boundary":"real-cli","checked":{"ok":true,"result":{"data":{"digest":"6317734c9afd151ad6d0c00b784aca0556f1bf0a1704dbc7e1a7e236477d68d6","flows":["default"],"id":"code-change","replayed":false,"requires":[],"version":"1.0.0"},"next":[],"ok":true,"request_id":"01a105d4-8d8c-7062-b50f-b29d154dbd47"},"process":{"argv":["/private/tmp/sheltie-human-acceptance-20261004.xw8h_gyu/bin/sheltie","--json","workbook","add","/var/folders/41/jg31h24j12nbqh334m6yzkh40000gn/T/sheltie-editor-61iiRw/workbook"],"pid":65591,"code":0,"signal":null,"reason":null,"exited":true,"closed":true,"stdout":"{\"data\":{\"digest\":\"6317734c9afd151ad6d0c00b784aca0556f1bf0a1704dbc7e1a7e236477d68d6\",\"flows\":[\"default\"],\"id\":\"code-change\",\"replayed\":false,\"requires\":[],\"version\":\"1.0.0\"},\"next\":[],\"ok\":true,\"request_id\":\"01a105d4-8d8c-7062-b50f-b29d154dbd47\"}\n","stderr":""}}}
{"boundary":"real-cli","checked":{"ok":true,"result":{"data":{"digest":"316b151ae338347a8edc306aba1b73e1b5f9825dc2dd3c6d69f5aa7917abbbbe","flows":["default"],"id":"spec-dev","replayed":false,"requires":[],"version":"0.2.2"},"next":[],"ok":true,"request_id":"01a105d4-8e41-769e-aae7-aad8eff55700"},"process":{"argv":["/private/tmp/sheltie-human-acceptance-20261004.xw8h_gyu/bin/sheltie","--json","workbook","add","/var/folders/41/jg31h24j12nbqh334m6yzkh40000gn/T/sheltie-editor-EGNMrN/workbook"],"pid":65595,"code":0,"signal":null,"reason":null,"exited":true,"closed":true,"stdout":"{\"data\":{\"digest\":\"316b151ae338347a8edc306aba1b73e1b5f9825dc2dd3c6d69f5aa7917abbbbe\",\"flows\":[\"default\"],\"id\":\"spec-dev\",\"replayed\":false,\"requires\":[],\"version\":\"0.2.2\"},\"next\":[],\"ok\":true,\"request_id\":\"01a105d4-8e41-769e-aae7-aad8eff55700\"}\n","stderr":""}}}
{"boundary":"real-cli-negative","rejected":{"ok":false,"error":"引擎拒绝 Workbook","process":{"argv":["/private/tmp/sheltie-human-acceptance-20261004.xw8h_gyu/bin/sheltie","--json","workbook","add","/var/folders/41/jg31h24j12nbqh334m6yzkh40000gn/T/sheltie-editor-Z2KVwD/workbook"],"pid":65608,"code":1,"signal":null,"reason":null,"exited":true,"closed":true,"stdout":"{\"error\":{\"code\":\"FLOW_INVALID\",\"detail\":{\"path\":\"entry\",\"reason\":\"入口 absent 不是节点 id\",\"rule\":\"1\"},\"message\":\"Flow 不合规（规则 1，entry）：入口 absent 不是节点 id\"},\"next\":[],\"ok\":false}\n","stderr":""}},"denied":{"ok":false,"error":"引擎拒绝 Workbook","process":{"argv":["/private/tmp/sheltie-human-acceptance-20261004.xw8h_gyu/bin/sheltie","--json","workbook","add","/var/folders/41/jg31h24j12nbqh334m6yzkh40000gn/T/sheltie-editor-9laqhd/workbook"],"pid":65610,"code":1,"signal":null,"reason":null,"exited":true,"closed":true,"stdout":"{\"error\":{\"code\":\"FLOW_INVALID\",\"detail\":{\"path\":\"toml\",\"reason\":\"TOML parse error at line 9, column 1\\n  |\\n9 | mystery = 7\\n  | ^^^^^^^\\nunknown field `mystery`, expected one of `id`, `title`, `executor`, `tier`, `instruction`, `inputs`, `outputs`, `requires`, `gate`, `max_visits`, `max_retries`\\n\",\"rule\":\"parse\"},\"message\":\"Flow 不合规（规则 parse，toml）：TOML parse error at line 9, column 1\\n  |\\n9 | mystery = 7\\n  | ^^^^^^^\\nunknown field `mystery`, expected one of `id`, `title`, `executor`, `tier`, `instruction`, `inputs`, `outputs`, `requires`, `gate`, `max_visits`, `max_retries`\\n\"},\"next\":[],\"ok\":false}\n","stderr":""}}}
✔ 真实 CLI 装入两步和现有 code-change/spec-dev，非法入口/未知字段拒绝 (805.580708ms)
{"boundary":"real-cli-advanced","checked":{"ok":true,"result":{"data":{"digest":"fa030a28264a7cc84c0a4ee6f53ad130d78848b9ad4e7e55c18a51bc14da5080","flows":["default"],"id":"code-change","replayed":false,"requires":["skill:sample"],"version":"1.0.0"},"next":[],"ok":true,"request_id":"01a105d4-9029-770e-a149-990ffbbf2571"},"process":{"argv":["/private/tmp/sheltie-human-acceptance-20261004.xw8h_gyu/bin/sheltie","--json","workbook","add","/var/folders/41/jg31h24j12nbqh334m6yzkh40000gn/T/sheltie-editor-MQBozs/workbook"],"pid":65613,"code":0,"signal":null,"reason":null,"exited":true,"closed":true,"stdout":"{\"data\":{\"digest\":\"fa030a28264a7cc84c0a4ee6f53ad130d78848b9ad4e7e55c18a51bc14da5080\",\"flows\":[\"default\"],\"id\":\"code-change\",\"replayed\":false,\"requires\":[\"skill:sample\"],\"version\":\"1.0.0\"},\"next\":[],\"ok\":true,\"request_id\":\"01a105d4-9029-770e-a149-990ffbbf2571\"}\n","stderr":""}}}
✔ 合法高级声明、门槛/额度/requires/结果/回环通过真实 CLI (105.744333ms)
{"boundary":"fake-child-timeout","checked":{"ok":false,"error":"CLI 超时","process":{"argv":["/var/folders/41/jg31h24j12nbqh334m6yzkh40000gn/T/editor-child-test-aVEMjQ/fake","--json","workbook","add","/var/folders/41/jg31h24j12nbqh334m6yzkh40000gn/T/sheltie-editor-CJ1G3f/workbook"],"pid":65624,"code":null,"signal":"SIGKILL","reason":"CLI 超时","exited":true,"closed":true,"stdout":"","stderr":""}},"root":"/var/folders/41/jg31h24j12nbqh334m6yzkh40000gn/T/sheltie-editor-CJ1G3f"}
✔ CLI 失败和 TERM→KILL 超时观察退出/close 后清自有根；外部哨兵不改 (1154.374542ms)
✔ 各输出流超限/取消均终止直接 child (55.028708ms)
✔ 默认各流1MiB恰好接受，多一字节停止；不完整JSON不授成功 (997.719167ms)
{"boundary":"fake-held-stream","checked":{"ok":false,"error":"无法确认直接 child 的退出和流关闭；保留 /var/folders/41/jg31h24j12nbqh334m6yzkh40000gn/T/sheltie-editor-f33BwK","process":{"argv":["/var/folders/41/jg31h24j12nbqh334m6yzkh40000gn/T/editor-held-stream-test-okqG5p/fake","--json","workbook","add","/var/folders/41/jg31h24j12nbqh334m6yzkh40000gn/T/sheltie-editor-f33BwK/workbook"],"pid":65655,"code":null,"signal":null,"reason":"CLI 超时","exited":true,"closed":false,"stdout":"","stderr":""},"residualRoot":"/var/folders/41/jg31h24j12nbqh334m6yzkh40000gn/T/sheltie-editor-f33BwK"}}
✔ 直接child退出而流未关闭时准确失败保留自有根，实际close之后才能清理 (1607.211625ms)
✔ 数量/总大小恰好上限接受，多一个拒绝 (2.542584ms)
✔ 路径逃逸、重复、ASCII/NFC/目录别名和前缀冲突均拒绝 (0.355959ms)
✔ 严格 base64 与逐项数组；解码前拒绝大小和同名 (0.509458ms)
✔ 浏览器文件清单超限时从不读取；真实读取后大小再次核对 (0.23275ms)
✔ 物化独占创建并核实际文件集合和原字节 (5.794167ms)
✖ 真实 HTTP Host/Origin/token 拒绝矩阵，固定静态路由和样例 (16.147458ms)
✖ 真实 HTTP 逐项路径/base64/数量/16MiB 与24MiB流式限额；所有前检不物化 (127.225041ms)
{"boundary":"real-cli-zip","argv":["/private/tmp/sheltie-human-acceptance-20261004.xw8h_gyu/bin/sheltie","--json","workbook","add","/var/folders/41/jg31h24j12nbqh334m6yzkh40000gn/T/editor-zip-test-fdEiwd/unzipped"],"home":"/var/folders/41/jg31h24j12nbqh334m6yzkh40000gn/T/editor-zip-test-fdEiwd/home","stdout":"{\"data\":{\"digest\":\"2f2367943ad197baa8a4aa5cf61943173cccb72d19c44ccc0bf72aac6b983efb\",\"flows\":[\"default\"],\"id\":\"code-change\",\"replayed\":false,\"requires\":[],\"version\":\"1.0.0\"},\"next\":[],\"ok\":true,\"request_id\":\"01a105d4-8f6b-74bf-b5ec-e3f50b8d5444\"}\n","stderr":"","exit":0}
{"boundary":"real-cli-zip","argv":["/private/tmp/sheltie-human-acceptance-20261004.xw8h_gyu/bin/sheltie","--json","workbook","show","code-change@1.0.0"],"home":"/var/folders/41/jg31h24j12nbqh334m6yzkh40000gn/T/editor-zip-test-fdEiwd/home","stdout":"{\"data\":{\"description\":\"固定实现、独立审查与成果整理阶段，内容判断交给协调者。\",\"digest\":\"2f2367943ad197baa8a4aa5cf61943173cccb72d19c44ccc0bf72aac6b983efb\",\"flows\":[{\"edges\":[{\"from\":\"implement\",\"kind\":\"main\",\"to\":\"review\"},{\"from\":\"review\",\"kind\":\"back\",\"to\":\"implement\"},{\"from\":\"review\",\"kind\":\"main\",\"to\":\"deliver\"}],\"entry\":\"implement\",\"id\":\"default\",\"nodes\":[{\"executor\":\"agent\",\"gate\":false,\"id\":\"implement\",\"title\":\"真实 HTTP 编辑\"},{\"executor\":\"agent\",\"gate\":false,\"id\":\"review\",\"title\":\"独立审查代码变更\"},{\"executor\":\"agent\",\"gate\":false,\"id\":\"deliver\",\"title\":\"整理最终成果\"}],\"start_inputs\":[\"task\",\"project\"]}],\"id\":\"code-change\",\"name\":\"代码变更\",\"pending_publish\":false,\"requires\":[],\"version\":\"1.0.0\"},\"next\":[],\"ok\":true}\n","stderr":"","exit":0}
{"boundary":"real-cli-zip","argv":["/private/tmp/sheltie-human-acceptance-20261004.xw8h_gyu/bin/sheltie","--json","workbook","verify","code-change@1.0.0"],"home":"/var/folders/41/jg31h24j12nbqh334m6yzkh40000gn/T/editor-zip-test-fdEiwd/home","stdout":"{\"data\":{\"results\":[{\"id\":\"code-change\",\"pending_publish\":false,\"status\":\"ok\",\"version\":\"1.0.0\"}]},\"next\":[],\"ok\":true}\n","stderr":"","exit":0}
{"boundary":"real-http-zip","origin":"http://127.0.0.1:55262","zipBytes":5498,"files":7,"ownedRootsRemoved":["/var/folders/41/jg31h24j12nbqh334m6yzkh40000gn/T/sheltie-editor-o9ygg5","/var/folders/41/jg31h24j12nbqh334m6yzkh40000gn/T/sheltie-editor-N7nPVS","/var/folders/41/jg31h24j12nbqh334m6yzkh40000gn/T/sheltie-editor-PolT98"]}
✔ 真实 HTTP check/export 同字节 ZIP 解压后 add/show/verify；失败绝无成功 ZIP (752.379875ms)
✔ 改一个字段保留完整对象/其他 Flow/资源原字节；布局不写文件 (5.504583ms)
✔ 新增显式边不添加 input；编辑 input 不添加 edge；删除保留引用给 CLI 拒绝 (67.706875ms)
{"boundary":"real-cli-unknown","level":"manifest","checked":{"ok":false,"error":"引擎拒绝 Workbook","process":{"argv":["/private/tmp/sheltie-human-acceptance-20261004.xw8h_gyu/bin/sheltie","--json","workbook","add","/var/folders/41/jg31h24j12nbqh334m6yzkh40000gn/T/sheltie-editor-PwePMA/workbook"],"pid":65589,"code":1,"signal":null,"reason":null,"exited":true,"closed":true,"stdout":"{\"error\":{\"code\":\"WORKBOOK_INVALID\",\"detail\":{\"path\":\"toml\",\"reason\":\"TOML parse error at line 8, column 2\\n  |\\n8 | [unknown_contract_field]\\n  |  ^^^^^^^^^^^^^^^^^^^^^^\\nunknown field `unknown_contract_field`, expected one of `schema`, `id`, `version`, `name`, `description`, `flows`, `requires`\\n\"},\"message\":\"workbook.toml 的 toml 不合规：TOML parse error at line 8, column 2\\n  |\\n8 | [unknown_contract_field]\\n  |  ^^^^^^^^^^^^^^^^^^^^^^\\nunknown field `unknown_contract_field`, expected one of `schema`, `id`, `version`, `name`, `description`, `flows`, `requires`\\n\"},\"next\":[],\"ok\":false}\n","stderr":""}}}
{"boundary":"real-cli-unknown","level":"flow","checked":{"ok":false,"error":"引擎拒绝 Workbook","process":{"argv":["/private/tmp/sheltie-human-acceptance-20261004.xw8h_gyu/bin/sheltie","--json","workbook","add","/var/folders/41/jg31h24j12nbqh334m6yzkh40000gn/T/sheltie-editor-IoGsSC/workbook"],"pid":65590,"code":1,"signal":null,"reason":null,"exited":true,"closed":true,"stdout":"{\"error\":{\"code\":\"FLOW_INVALID\",\"detail\":{\"path\":\"toml\",\"reason\":\"TOML parse error at line 107, column 2\\n    |\\n107 | [unknown_contract_field]\\n    |  ^^^^^^^^^^^^^^^^^^^^^^\\nunknown field `unknown_contract_field`, expected one of `schema`, `id`, `entry`, `nodes`, `edges`\\n\",\"rule\":\"parse\"},\"message\":\"Flow 不合规（规则 parse，toml）：TOML parse error at line 107, column 2\\n    |\\n107 | [unknown_contract_field]\\n    |  ^^^^^^^^^^^^^^^^^^^^^^\\nunknown field `unknown_contract_field`, expected one of `schema`, `id`, `entry`, `nodes`, `edges`\\n\"},\"next\":[],\"ok\":false}\n","stderr":""}}}
{"boundary":"real-cli-unknown","level":"node","checked":{"ok":false,"error":"引擎拒绝 Workbook","process":{"argv":["/private/tmp/sheltie-human-acceptance-20261004.xw8h_gyu/bin/sheltie","--json","workbook","add","/var/folders/41/jg31h24j12nbqh334m6yzkh40000gn/T/sheltie-editor-Prhymq/workbook"],"pid":65593,"code":1,"signal":null,"reason":null,"exited":true,"closed":true,"stdout":"{\"error\":{\"code\":\"FLOW_INVALID\",\"detail\":{\"path\":\"toml\",\"reason\":\"TOML parse error at line 34, column 8\\n   |\\n34 | [nodes.unknown_contract_field]\\n   |        ^^^^^^^^^^^^^^^^^^^^^^\\nunknown field `unknown_contract_field`, expected one of `id`, `title`, `executor`, `tier`, `instruction`, `inputs`, `outputs`, `requires`, `gate`, `max_visits`, `max_retries`\\n\",\"rule\":\"parse\"},\"message\":\"Flow 不合规（规则 parse，toml）：TOML parse error at line 34, column 8\\n   |\\n34 | [nodes.unknown_contract_field]\\n   |        ^^^^^^^^^^^^^^^^^^^^^^\\nunknown field `unknown_contract_field`, expected one of `id`, `title`, `executor`, `tier`, `instruction`, `inputs`, `outputs`, `requires`, `gate`, `max_visits`, `max_retries`\\n\"},\"next\":[],\"ok\":false}\n","stderr":""}}}
{"boundary":"real-cli-unknown","level":"instruction","checked":{"ok":false,"error":"引擎拒绝 Workbook","process":{"argv":["/private/tmp/sheltie-human-acceptance-20261004.xw8h_gyu/bin/sheltie","--json","workbook","add","/var/folders/41/jg31h24j12nbqh334m6yzkh40000gn/T/sheltie-editor-uWehOZ/workbook"],"pid":65594,"code":1,"signal":null,"reason":null,"exited":true,"closed":true,"stdout":"{\"error\":{\"code\":\"FLOW_INVALID\",\"detail\":{\"path\":\"toml\",\"reason\":\"TOML parse error at line 16, column 20\\n   |\\n16 | [nodes.instruction.unknown_contract_field]\\n   |                    ^^^^^^^^^^^^^^^^^^^^^^\\nunknown field `unknown_contract_field`, expected `file` or `text`\\n\",\"rule\":\"parse\"},\"message\":\"Flow 不合规（规则 parse，toml）：TOML parse error at line 16, column 20\\n   |\\n16 | [nodes.instruction.unknown_contract_field]\\n   |                    ^^^^^^^^^^^^^^^^^^^^^^\\nunknown field `unknown_contract_field`, expected `file` or `text`\\n\"},\"next\":[],\"ok\":false}\n","stderr":""}}}
{"boundary":"real-cli-unknown","level":"input","checked":{"ok":false,"error":"引擎拒绝 Workbook","process":{"argv":["/private/tmp/sheltie-human-acceptance-20261004.xw8h_gyu/bin/sheltie","--json","workbook","add","/var/folders/41/jg31h24j12nbqh334m6yzkh40000gn/T/sheltie-editor-4aMGuW/workbook"],"pid":65597,"code":1,"signal":null,"reason":null,"exited":true,"closed":true,"stdout":"{\"error\":{\"code\":\"FLOW_INVALID\",\"detail\":{\"path\":\"toml\",\"reason\":\"TOML parse error at line 20, column 15\\n   |\\n20 | [nodes.inputs.unknown_contract_field]\\n   |               ^^^^^^^^^^^^^^^^^^^^^^\\nunknown field `unknown_contract_field`, expected one of `name`, `from`, `required`, `result`\\n\",\"rule\":\"parse\"},\"message\":\"Flow 不合规（规则 parse，toml）：TOML parse error at line 20, column 15\\n   |\\n20 | [nodes.inputs.unknown_contract_field]\\n   |               ^^^^^^^^^^^^^^^^^^^^^^\\nunknown field `unknown_contract_field`, expected one of `name`, `from`, `required`, `result`\\n\"},\"next\":[],\"ok\":false}\n","stderr":""}}}
{"boundary":"real-cli-unknown","level":"output","checked":{"ok":false,"error":"引擎拒绝 Workbook","process":{"argv":["/private/tmp/sheltie-human-acceptance-20261004.xw8h_gyu/bin/sheltie","--json","workbook","add","/var/folders/41/jg31h24j12nbqh334m6yzkh40000gn/T/sheltie-editor-kop5tx/workbook"],"pid":65600,"code":1,"signal":null,"reason":null,"exited":true,"closed":true,"stdout":"{\"error\":{\"code\":\"FLOW_INVALID\",\"detail\":{\"path\":\"toml\",\"reason\":\"TOML parse error at line 34, column 16\\n   |\\n34 | [nodes.outputs.unknown_contract_field]\\n   |                ^^^^^^^^^^^^^^^^^^^^^^\\nunknown field `unknown_contract_field`, expected one of `name`, `path`, `required`, `max_bytes`, `result`\\n\",\"rule\":\"parse\"},\"message\":\"Flow 不合规（规则 parse，toml）：TOML parse error at line 34, column 16\\n   |\\n34 | [nodes.outputs.unknown_contract_field]\\n   |                ^^^^^^^^^^^^^^^^^^^^^^\\nunknown field `unknown_contract_field`, expected one of `name`, `path`, `required`, `max_bytes`, `result`\\n\"},\"next\":[],\"ok\":false}\n","stderr":""}}}
{"boundary":"real-cli-unknown","level":"edge","checked":{"ok":false,"error":"引擎拒绝 Workbook","process":{"argv":["/private/tmp/sheltie-human-acceptance-20261004.xw8h_gyu/bin/sheltie","--json","workbook","add","/var/folders/41/jg31h24j12nbqh334m6yzkh40000gn/T/sheltie-editor-KJBQyv/workbook"],"pid":65607,"code":1,"signal":null,"reason":null,"exited":true,"closed":true,"stdout":"{\"error\":{\"code\":\"FLOW_INVALID\",\"detail\":{\"path\":\"toml\",\"reason\":\"TOML parse error at line 97, column 8\\n   |\\n97 | [edges.unknown_contract_field]\\n   |        ^^^^^^^^^^^^^^^^^^^^^^\\nunknown field `unknown_contract_field`, expected one of `from`, `to`, `kind`\\n\",\"rule\":\"parse\"},\"message\":\"Flow 不合规（规则 parse，toml）：TOML parse error at line 97, column 8\\n   |\\n97 | [edges.unknown_contract_field]\\n   |        ^^^^^^^^^^^^^^^^^^^^^^\\nunknown field `unknown_contract_field`, expected one of `from`, `to`, `kind`\\n\"},\"next\":[],\"ok\":false}\n","stderr":""}}}
{"boundary":"real-cli-unknown","level":"manifest-requires","checked":{"ok":false,"error":"引擎拒绝 Workbook","process":{"argv":["/private/tmp/sheltie-human-acceptance-20261004.xw8h_gyu/bin/sheltie","--json","workbook","add","/var/folders/41/jg31h24j12nbqh334m6yzkh40000gn/T/sheltie-editor-arAPWg/workbook"],"pid":65609,"code":1,"signal":null,"reason":null,"exited":true,"closed":true,"stdout":"{\"error\":{\"code\":\"WORKBOOK_INVALID\",\"detail\":{\"path\":\"toml\",\"reason\":\"TOML parse error at line 12, column 11\\n   |\\n12 | [requires.unknown_contract_field]\\n   |           ^^^^^^^^^^^^^^^^^^^^^^\\nunknown field `unknown_contract_field`, expected one of `kind`, `name`, `version`, `digest`, `source`\\n\"},\"message\":\"workbook.toml 的 toml 不合规：TOML parse error at line 12, column 11\\n   |\\n12 | [requires.unknown_contract_field]\\n   |           ^^^^^^^^^^^^^^^^^^^^^^\\nunknown field `unknown_contract_field`, expected one of `kind`, `name`, `version`, `digest`, `source`\\n\"},\"next\":[],\"ok\":false}\n","stderr":""}}}
✔ 所有 TOML 层级未知字段改标题后仍保留，真实 CLI 逐个拒绝 (708.007375ms)
✔ 不能解析或不能表示的 Flow 保留原字节并拒绝编辑；HTML说明是字面文本 (0.64025ms)
✔ 已解析但不能表示的已知字段拒绝后续编辑，不清洗字节 (0.137709ms)
✔ 通过说明编辑同一已解析TOML时重新解析，后续属性不会覆盖新字节 (0.13675ms)
ℹ tests 20
ℹ suites 0
ℹ pass 18
ℹ fail 2
ℹ cancelled 0
ℹ skipped 0
ℹ todo 0
ℹ duration_ms 4785.873166

✖ failing tests:

test at test/http.test.mjs:29:1
✖ 真实 HTTP Host/Origin/token 拒绝矩阵，固定静态路由和样例 (16.147458ms)
  AssertionError [ERR_ASSERTION]: /
  
  400 !== 200
  
      at TestContext.<anonymous> (file:///private/tmp/sheltie-usability-20261004.qvx4gv7v/workbook-editor/tools/workbook-editor/test/http.test.mjs:38:137)
      at process.processTicksAndRejections (node:internal/process/task_queues:104:5)
      at async Test.run (node:internal/test_runner/test:1389:7)
      at async startSubtestAfterBootstrap (node:internal/test_runner/harness:387:3) {
    generatedMessage: false,
    code: 'ERR_ASSERTION',
    actual: 400,
    expected: 200,
    operator: 'strictEqual',
    diff: 'simple'
  }

test at test/http.test.mjs:44:1
✖ 真实 HTTP 逐项路径/base64/数量/16MiB 与24MiB流式限额；所有前检不物化 (127.225041ms)
  AssertionError [ERR_ASSERTION]: Expected values to be strictly equal:
  
  400 !== 422
  
      at TestContext.<anonymous> (file:///private/tmp/sheltie-usability-20261004.qvx4gv7v/workbook-editor/tools/workbook-editor/test/http.test.mjs:52:140)
      at process.processTicksAndRejections (node:internal/process/task_queues:104:5)
      at async Test.run (node:internal/test_runner/test:1389:7)
      at async Test.processPendingSubtests (node:internal/test_runner/test:960:7) {
    generatedMessage: true,
    code: 'ERR_ASSERTION',
    actual: 400,
    expected: 422,
    operator: 'strictEqual',
    diff: 'simple'
  }
