fix utf-8 byte order marker..............................................Passed
check for case conflicts.................................................Passed
check for merge conflicts................................................Passed
check for broken symlinks............................(no files to check)Skipped
check yaml...........................................(no files to check)Skipped
check toml...............................................................Passed
fix end of files.........................................................Passed
mixed line ending........................................................Passed
trim trailing whitespace.................................................Passed
typos....................................................................Failed
- hook id: typos
- files were modified by this hook
check docs...............................................................Passed
check specs governance...................................................Passed
check sheltie skill..................................(no files to check)Skipped
check engine vocabulary..............................(no files to check)Skipped
check test names and owners..............................................Passed
cargo fmt............................................(no files to check)Skipped
cargo check..........................................(no files to check)Skipped
cargo clippy.........................................(no files to check)Skipped
cargo deny check.....................................(no files to check)Skipped
cargo nextest........................................(no files to check)Skipped
