specs/changes/completed/C006-result-delivery/evidence/acceptance-20261005/final-report-copies/2026-10-04-007-workbook-compact-properties-01a10b12-5a69-7353-9f59-064c2afb622e/artifacts/0004/change.patch:1872: trailing whitespace.
+ 
specs/changes/completed/C006-result-delivery/evidence/acceptance-20261005/final-report-copies/2026-10-04-007-workbook-compact-properties-01a10b12-5a69-7353-9f59-064c2afb622e/artifacts/0004/change.patch:1874: trailing whitespace.
+ 
specs/changes/completed/C006-result-delivery/evidence/acceptance-20261005/final-report-copies/2026-10-04-007-workbook-compact-properties-01a10b12-5a69-7353-9f59-064c2afb622e/artifacts/0004/change.patch:1880: trailing whitespace.
+ 
specs/changes/completed/C006-result-delivery/evidence/acceptance-20261005/final-report-copies/2026-10-04-007-workbook-compact-properties-01a10b12-5a69-7353-9f59-064c2afb622e/artifacts/0004/change.patch:2188: trailing whitespace.
+ 
specs/changes/completed/C006-result-delivery/evidence/acceptance-20261005/final-report-copies/2026-10-04-007-workbook-compact-properties-01a10b17-4dbe-7107-bafd-715ae144bf95/artifacts/0004/change.patch:1872: trailing whitespace.
+ 
specs/changes/completed/C006-result-delivery/evidence/acceptance-20261005/final-report-copies/2026-10-04-007-workbook-compact-properties-01a10b17-4dbe-7107-bafd-715ae144bf95/artifacts/0004/change.patch:1874: trailing whitespace.
+ 
specs/changes/completed/C006-result-delivery/evidence/acceptance-20261005/final-report-copies/2026-10-04-007-workbook-compact-properties-01a10b17-4dbe-7107-bafd-715ae144bf95/artifacts/0004/change.patch:1880: trailing whitespace.
+ 
specs/changes/completed/C006-result-delivery/evidence/acceptance-20261005/final-report-copies/2026-10-04-007-workbook-compact-properties-01a10b17-4dbe-7107-bafd-715ae144bf95/artifacts/0004/change.patch:2188: trailing whitespace.
+ 
specs/changes/completed/C006-result-delivery/evidence/acceptance-20261005/final-report-copies/2026-10-04-008-agents-markdown-translation-01a10b12-5b22-73f1-a7d7-5e78cd34c247/artifacts/0004/change.patch:6: trailing whitespace.
+ 
specs/changes/completed/C006-result-delivery/evidence/acceptance-20261005/final-report-copies/2026-10-04-008-agents-markdown-translation-01a10b12-5b22-73f1-a7d7-5e78cd34c247/artifacts/0004/change.patch:8: trailing whitespace.
+ 
specs/changes/completed/C006-result-delivery/evidence/acceptance-20261005/final-report-copies/2026-10-04-008-agents-markdown-translation-01a10b12-5b22-73f1-a7d7-5e78cd34c247/artifacts/0004/change.patch:20: trailing whitespace.
+ 
specs/changes/completed/C006-result-delivery/evidence/acceptance-20261005/final-report-copies/2026-10-04-008-agents-markdown-translation-01a10b12-5b22-73f1-a7d7-5e78cd34c247/artifacts/0004/change.patch:23: trailing whitespace.
+ 
specs/changes/completed/C006-result-delivery/evidence/acceptance-20261005/final-report-copies/2026-10-04-008-agents-markdown-translation-01a10b12-5b22-73f1-a7d7-5e78cd34c247/artifacts/0004/change.patch:25: trailing whitespace.
+ 
specs/changes/completed/C006-result-delivery/evidence/acceptance-20261005/final-report-copies/2026-10-04-008-agents-markdown-translation-01a10b12-5b22-73f1-a7d7-5e78cd34c247/artifacts/0004/change.patch:28: trailing whitespace.
+ 
specs/changes/completed/C006-result-delivery/evidence/acceptance-20261005/final-report-copies/2026-10-04-008-agents-markdown-translation-01a10b12-5b22-73f1-a7d7-5e78cd34c247/artifacts/0004/change.patch:30: trailing whitespace.
+ 
specs/changes/completed/C006-result-delivery/evidence/acceptance-20261005/final-report-copies/2026-10-04-008-agents-markdown-translation-01a10b12-5b22-73f1-a7d7-5e78cd34c247/artifacts/0004/change.patch:34: trailing whitespace.
+ 
specs/changes/completed/C006-result-delivery/evidence/acceptance-20261005/final-report-copies/2026-10-04-008-agents-markdown-translation-01a10b12-5b22-73f1-a7d7-5e78cd34c247/artifacts/0004/change.patch:37: trailing whitespace.
+ 
specs/changes/completed/C006-result-delivery/evidence/acceptance-20261005/final-report-copies/2026-10-04-008-agents-markdown-translation-01a10b12-5b22-73f1-a7d7-5e78cd34c247/artifacts/0004/change.patch:68: trailing whitespace.
+ 
specs/changes/completed/C006-result-delivery/evidence/acceptance-20261005/final-report-copies/2026-10-04-008-agents-markdown-translation-01a10b12-5b22-73f1-a7d7-5e78cd34c247/artifacts/0004/change.patch:70: trailing whitespace.
+ 
specs/changes/completed/C006-result-delivery/evidence/acceptance-20261005/final-report-copies/2026-10-04-008-agents-markdown-translation-01a10b12-5b22-73f1-a7d7-5e78cd34c247/artifacts/0004/change.patch:73: trailing whitespace.
+ 
specs/changes/completed/C006-result-delivery/evidence/acceptance-20261005/final-report-copies/2026-10-04-008-agents-markdown-translation-01a10b12-5b22-73f1-a7d7-5e78cd34c247/artifacts/0004/change.patch:75: trailing whitespace.
+ 
specs/changes/completed/C006-result-delivery/evidence/acceptance-20261005/final-report-copies/2026-10-04-008-agents-markdown-translation-01a10b12-5b22-73f1-a7d7-5e78cd34c247/artifacts/0004/change.patch:78: trailing whitespace.
+ 
specs/changes/completed/C006-result-delivery/evidence/acceptance-20261005/final-report-copies/2026-10-04-008-agents-markdown-translation-01a10b12-5b22-73f1-a7d7-5e78cd34c247/artifacts/0004/change.patch:80: trailing whitespace.
+ 
specs/changes/completed/C006-result-delivery/evidence/acceptance-20261005/final-report-copies/2026-10-04-008-agents-markdown-translation-01a10b12-5b22-73f1-a7d7-5e78cd34c247/artifacts/0004/change.patch:83: trailing whitespace.
+ 
specs/changes/completed/C006-result-delivery/evidence/acceptance-20261005/final-report-copies/2026-10-04-008-agents-markdown-translation-01a10b12-5b22-73f1-a7d7-5e78cd34c247/artifacts/0004/change.patch:85: trailing whitespace.
+ 
specs/changes/completed/C006-result-delivery/evidence/acceptance-20261005/final-report-copies/2026-10-04-008-agents-markdown-translation-01a10b12-5b22-73f1-a7d7-5e78cd34c247/artifacts/0004/change.patch:87: trailing whitespace.
+ 
specs/changes/completed/C006-result-delivery/evidence/acceptance-20261005/final-report-copies/2026-10-04-008-agents-markdown-translation-01a10b12-5b22-73f1-a7d7-5e78cd34c247/artifacts/0004/change.patch:90: trailing whitespace.
+ 
specs/changes/completed/C006-result-delivery/evidence/acceptance-20261005/final-report-copies/2026-10-04-008-agents-markdown-translation-01a10b12-5b22-73f1-a7d7-5e78cd34c247/artifacts/0004/change.patch:92: trailing whitespace.
+ 
specs/changes/completed/C006-result-delivery/evidence/acceptance-20261005/final-report-copies/2026-10-04-008-agents-markdown-translation-01a10b12-5b22-73f1-a7d7-5e78cd34c247/artifacts/0004/change.patch:193: trailing whitespace.
+ 
specs/changes/completed/C008-dependency-readiness/evidence/commit-closeout-20261005/precommit01-snapshot-mutations.patch:6: trailing whitespace.
+ 
specs/changes/completed/C008-dependency-readiness/evidence/commit-closeout-20261005/precommit01-snapshot-mutations.patch:12: trailing whitespace.
+ 
specs/changes/completed/C008-dependency-readiness/evidence/commit-closeout-20261005/precommit01-snapshot-mutations.patch:19: trailing whitespace.
+ 
specs/changes/completed/C008-dependency-readiness/evidence/commit-closeout-20261005/precommit01-snapshot-mutations.patch:25: trailing whitespace.
+ 
specs/changes/completed/C008-dependency-readiness/evidence/commit-closeout-20261005/precommit01-snapshot-mutations.patch:32: trailing whitespace.
+ 
specs/changes/completed/C008-dependency-readiness/evidence/commit-closeout-20261005/precommit01-snapshot-mutations.patch:38: trailing whitespace.
+ 
specs/changes/completed/C008-dependency-readiness/evidence/commit-closeout-20261005/precommit01.stdout:51: new blank line at EOF.
specs/changes/completed/C008-dependency-readiness/evidence/final-acceptance-20261005/deny02.stderr:33: trailing whitespace.
+    │  
specs/changes/completed/C008-dependency-readiness/evidence/final-acceptance-20261005/deny02.stderr:37: trailing whitespace.
+    │  
specs/changes/completed/C008-dependency-readiness/evidence/final-acceptance-20261005/deny02.stderr:55: new blank line at EOF.
specs/changes/completed/C008-dependency-readiness/evidence/final-acceptance-20261005/doctest01.stdout:20: new blank line at EOF.
