fix utf-8 byte order marker..............................................Passed
check for case conflicts.................................................Passed
check for merge conflicts................................................Passed
check for broken symlinks............................(no files to check)Skipped
check yaml...........................................(no files to check)Skipped
check toml...........................................(no files to check)Skipped
fix end of files.........................................................Failed
- hook id: end-of-file-fixer
- exit code: 1
- files were modified by this hook

Fixing specs/changes/active/C011-workbook-visual-editor/review.md

mixed line ending........................................................Passed
trim trailing whitespace.................................................Passed
typos....................................................................Passed
check docs...............................................................Passed
check specs governance...................................................Passed
check sheltie skill..................................(no files to check)Skipped
check engine vocabulary..............................(no files to check)Skipped
check test names and owners..............................................Passed
cargo fmt............................................(no files to check)Skipped
cargo check..........................................(no files to check)Skipped
cargo clippy.........................................(no files to check)Skipped
cargo deny check.....................................(no files to check)Skipped
cargo nextest........................................(no files to check)Skipped
