    Checking cfg-if v1.0.5
    Checking memchr v2.8.3
    Checking bitflags v2.13.2
    Checking typenum v1.20.1
    Checking winnow v1.0.4
    Checking libc v0.2.189
    Checking serde_core v1.0.229
    Checking zmij v1.0.23
    Checking toml_writer v1.1.2+spec-1.1.0
    Checking winnow v0.7.15
    Checking itoa v1.0.18
    Checking once_cell v1.21.4
    Checking fastrand v2.5.0
    Checking thiserror v2.0.21
    Checking foldhash v0.1.5
    Checking libsqlite3-sys v0.35.0
    Checking fallible-iterator v0.3.0
    Checking log v0.4.34
    Checking smallvec v1.16.1
    Checking hashbrown v0.15.5
    Checking fallible-streaming-iterator v0.1.9
   Compiling num-traits v0.2.19
    Checking regex-syntax v0.8.11
    Checking anstyle v1.0.14
    Checking utf8parse v0.2.2
    Checking is_terminal_polyfill v1.70.2
    Checking toml_parser v1.1.3+spec-1.1.0
    Checking anstyle-query v1.1.5
    Checking colorchoice v1.0.5
    Checking aho-corasick v1.1.5
    Checking clap_lex v1.1.1
    Checking anstyle-parse v1.0.0
    Checking strsim v0.11.1
    Checking predicates-core v1.0.10
    Checking normalize-line-endings v0.3.0
    Checking difflib v0.4.0
    Checking termtree v0.5.1
    Checking errno v0.3.14
    Checking getrandom v0.4.3
    Checking cpufeatures v0.2.17
    Checking generic-array v0.14.7
    Checking uzers v0.12.2
    Checking wait-timeout v0.2.1
    Checking anstream v1.0.0
    Checking predicates-tree v1.0.13
    Checking rustix v1.1.4
   Compiling getrandom v0.3.4
   Compiling zerocopy v0.8.58
    Checking bit-vec v0.8.0
    Checking uuid v1.26.1
    Checking quick-error v1.2.3
    Checking hashlink v0.10.0
    Checking fnv v1.0.7
    Checking console v0.16.6
    Checking unarray v0.1.4
    Checking similar v2.7.0
    Checking clap_builder v4.6.7
    Checking bit-set v0.8.0
    Checking rusqlite v0.37.0
    Checking block-buffer v0.10.4
    Checking crypto-common v0.1.7
    Checking digest v0.10.7
    Checking sha2 v0.10.9
    Checking tempfile v3.27.0
    Checking fs4 v0.13.1
    Checking regex-automata v0.4.18
    Checking rusty-fork v0.3.1
    Checking toml_datetime v0.7.5+spec-1.1.0
    Checking serde v1.0.229
    Checking serde_spanned v1.1.1
    Checking camino v1.2.6
    Checking serde_json v1.0.151
    Checking float-cmp v0.10.0
    Checking toml v0.9.12+spec-1.1.0
    Checking clap v4.6.7
    Checking insta v1.48.0
    Checking rand_core v0.9.5
    Checking rand_xorshift v0.4.0
    Checking rand v0.9.5
    Checking sheltie-core v0.3.0 (/Users/shushu/code/productions/sheltie/crates/sheltie-core)
    Checking regex v1.13.1
    Checking bstr v1.13.1
    Checking predicates v3.1.4
    Checking assert_cmd v2.2.2
    Checking sheltie-runtime v0.3.0 (/Users/shushu/code/productions/sheltie/crates/sheltie-runtime)
    Checking sheltie-export v0.3.0 (/Users/shushu/code/productions/sheltie/crates/sheltie-export)
    Checking ppv-lite86 v0.2.21
    Checking rand_chacha v0.9.0
    Checking proptest v1.11.0
    Checking sheltie-cli v0.3.0 (/Users/shushu/code/productions/sheltie/crates/sheltie-cli)
    Finished `dev` profile [unoptimized + debuginfo] target(s) in 4.59s
